Archive member included to satisfy reference by file (symbol)

c:/Users/Srushty00/feetwings/SPI_Loopback/build/PeriphDriver/PeriphDriver.a(gpio.o)
                              c:/Users/Srushty00/feetwings/SPI_Loopback/build/led.o (GPIO_Config)
c:/Users/Srushty00/feetwings/SPI_Loopback/build/PeriphDriver/PeriphDriver.a(mxc_sys.o)
                              c:/Users/Srushty00/feetwings/SPI_Loopback/build/PeriphDriver/PeriphDriver.a(gpio.o) (SYS_GPIO_Init)
c:/Users/Srushty00/feetwings/SPI_Loopback/build/PeriphDriver/PeriphDriver.a(spim.o)
                              c:/Users/Srushty00/feetwings/SPI_Loopback/build/main.o (SPIM_Init)
c:/Users/Srushty00/feetwings/SPI_Loopback/build/PeriphDriver/PeriphDriver.a(uart.o)
                              c:/Users/Srushty00/feetwings/SPI_Loopback/build/board.o (UART_Init)
c:/Users/Srushty00/feetwings/SPI_Loopback/build/PeriphDriver/PeriphDriver.a(clkman.o)
                              c:/Users/Srushty00/feetwings/SPI_Loopback/build/PeriphDriver/PeriphDriver.a(mxc_sys.o) (CLKMAN_CryptoClockEnable)
c:/Users/Srushty00/feetwings/SPI_Loopback/build/PeriphDriver/PeriphDriver.a(ioman.o)
                              c:/Users/Srushty00/feetwings/SPI_Loopback/build/PeriphDriver/PeriphDriver.a(mxc_sys.o) (IOMAN_Config)
c:/Users/Srushty00/feetwings/SPI_Loopback/build/PeriphDriver/PeriphDriver.a(mxc_lock.o)
                              c:/Users/Srushty00/feetwings/SPI_Loopback/build/PeriphDriver/PeriphDriver.a(spim.o) (mxc_get_lock)
c:/maxim/toolchain/bin/../lib/gcc/arm-none-eabi/6.3.1/../../../../arm-none-eabi/lib/thumb/v7e-m/fpv4-sp/softfp\libc.a(lib_a-errno.o)
                              c:/Users/Srushty00/feetwings/SPI_Loopback/build/stdio.o (__errno)
c:/maxim/toolchain/bin/../lib/gcc/arm-none-eabi/6.3.1/../../../../arm-none-eabi/lib/thumb/v7e-m/fpv4-sp/softfp\libc.a(lib_a-exit.o)
                              c:/maxim/toolchain/bin/../lib/gcc/arm-none-eabi/6.3.1/../../../../arm-none-eabi/lib/thumb/v7e-m/fpv4-sp/softfp/crt0.o (exit)
c:/maxim/toolchain/bin/../lib/gcc/arm-none-eabi/6.3.1/../../../../arm-none-eabi/lib/thumb/v7e-m/fpv4-sp/softfp\libc.a(lib_a-fflush.o)
                              c:/Users/Srushty00/feetwings/SPI_Loopback/build/board.o (fflush)
c:/maxim/toolchain/bin/../lib/gcc/arm-none-eabi/6.3.1/../../../../arm-none-eabi/lib/thumb/v7e-m/fpv4-sp/softfp\libc.a(lib_a-findfp.o)
                              c:/maxim/toolchain/bin/../lib/gcc/arm-none-eabi/6.3.1/../../../../arm-none-eabi/lib/thumb/v7e-m/fpv4-sp/softfp\libc.a(lib_a-fflush.o) (__sinit)
c:/maxim/toolchain/bin/../lib/gcc/arm-none-eabi/6.3.1/../../../../arm-none-eabi/lib/thumb/v7e-m/fpv4-sp/softfp\libc.a(lib_a-freer.o)
                              c:/maxim/toolchain/bin/../lib/gcc/arm-none-eabi/6.3.1/../../../../arm-none-eabi/lib/thumb/v7e-m/fpv4-sp/softfp\libc.a(lib_a-fflush.o) (_free_r)
c:/maxim/toolchain/bin/../lib/gcc/arm-none-eabi/6.3.1/../../../../arm-none-eabi/lib/thumb/v7e-m/fpv4-sp/softfp\libc.a(lib_a-fwalk.o)
                              c:/maxim/toolchain/bin/../lib/gcc/arm-none-eabi/6.3.1/../../../../arm-none-eabi/lib/thumb/v7e-m/fpv4-sp/softfp\libc.a(lib_a-findfp.o) (_fwalk)
c:/maxim/toolchain/bin/../lib/gcc/arm-none-eabi/6.3.1/../../../../arm-none-eabi/lib/thumb/v7e-m/fpv4-sp/softfp\libc.a(lib_a-impure.o)
                              c:/maxim/toolchain/bin/../lib/gcc/arm-none-eabi/6.3.1/../../../../arm-none-eabi/lib/thumb/v7e-m/fpv4-sp/softfp\libc.a(lib_a-exit.o) (_global_impure_ptr)
c:/maxim/toolchain/bin/../lib/gcc/arm-none-eabi/6.3.1/../../../../arm-none-eabi/lib/thumb/v7e-m/fpv4-sp/softfp\libc.a(lib_a-init.o)
                              c:/maxim/toolchain/bin/../lib/gcc/arm-none-eabi/6.3.1/../../../../arm-none-eabi/lib/thumb/v7e-m/fpv4-sp/softfp/crt0.o (__libc_init_array)
c:/maxim/toolchain/bin/../lib/gcc/arm-none-eabi/6.3.1/../../../../arm-none-eabi/lib/thumb/v7e-m/fpv4-sp/softfp\libc.a(lib_a-lock.o)
                              c:/maxim/toolchain/bin/../lib/gcc/arm-none-eabi/6.3.1/../../../../arm-none-eabi/lib/thumb/v7e-m/fpv4-sp/softfp\libc.a(lib_a-findfp.o) (__retarget_lock_init_recursive)
c:/maxim/toolchain/bin/../lib/gcc/arm-none-eabi/6.3.1/../../../../arm-none-eabi/lib/thumb/v7e-m/fpv4-sp/softfp\libc.a(lib_a-mallocr.o)
                              c:/maxim/toolchain/bin/../lib/gcc/arm-none-eabi/6.3.1/../../../../arm-none-eabi/lib/thumb/v7e-m/fpv4-sp/softfp\libc.a(lib_a-findfp.o) (_malloc_r)
c:/maxim/toolchain/bin/../lib/gcc/arm-none-eabi/6.3.1/../../../../arm-none-eabi/lib/thumb/v7e-m/fpv4-sp/softfp\libc.a(lib_a-memcpy.o)
                              c:/Users/Srushty00/feetwings/SPI_Loopback/build/PeriphDriver/PeriphDriver.a(spim.o) (memcpy)
c:/maxim/toolchain/bin/../lib/gcc/arm-none-eabi/6.3.1/../../../../arm-none-eabi/lib/thumb/v7e-m/fpv4-sp/softfp\libc.a(lib_a-memset.o)
                              c:/maxim/toolchain/bin/../lib/gcc/arm-none-eabi/6.3.1/../../../../arm-none-eabi/lib/thumb/v7e-m/fpv4-sp/softfp/crt0.o (memset)
[...]
Memory Configuration

Name             Origin             Length             Attributes
FLASH            0x00000000         0x00200000         xr
SRAM             0x20000000         0x00040000         xrw
*default*        0x00000000         0xffffffff

Linker script and memory map

LOAD c:/maxim/toolchain/bin/../lib/gcc/arm-none-eabi/6.3.1/thumb/v7e-m/fpv4-sp/softfp/crti.o
LOAD c:/maxim/toolchain/bin/../lib/gcc/arm-none-eabi/6.3.1/thumb/v7e-m/fpv4-sp/softfp/crtbegin.o
LOAD c:/maxim/toolchain/bin/../lib/gcc/arm-none-eabi/6.3.1/../../../../arm-none-eabi/lib/thumb/v7e-m/fpv4-sp/softfp/crt0.o
LOAD c:/Users/Srushty00/feetwings/SPI_Loopback/build/main.o
LOAD c:/Users/Srushty00/feetwings/SPI_Loopback/build/board.o
LOAD c:/Users/Srushty00/feetwings/SPI_Loopback/build/stdio.o
LOAD c:/Users/Srushty00/feetwings/SPI_Loopback/build/led.o
LOAD c:/Users/Srushty00/feetwings/SPI_Loopback/build/pb.o
LOAD c:/Users/Srushty00/feetwings/SPI_Loopback/build/startup_max32620.o
LOAD c:/Users/Srushty00/feetwings/SPI_Loopback/build/heap.o
LOAD c:/Users/Srushty00/feetwings/SPI_Loopback/build/system_max32620.o
START GROUP
LOAD c:/Users/Srushty00/feetwings/SPI_Loopback/build/PeriphDriver/PeriphDriver.a
LOAD c:/maxim/toolchain/bin/../lib/gcc/arm-none-eabi/6.3.1/../../../../arm-none-eabi/lib/thumb/v7e-m/fpv4-sp/softfp\libc.a
LOAD c:/maxim/toolchain/bin/../lib/gcc/arm-none-eabi/6.3.1/../../../../arm-none-eabi/lib/thumb/v7e-m/fpv4-sp/softfp\libm.a
LOAD c:/maxim/toolchain/bin/../lib/gcc/arm-none-eabi/6.3.1/../../../../arm-none-eabi/lib/thumb/v7e-m/fpv4-sp/softfp\libnosys.a
END GROUP
START GROUP
LOAD c:/maxim/toolchain/bin/../lib/gcc/arm-none-eabi/6.3.1/thumb/v7e-m/fpv4-sp/softfp\libgcc.a
LOAD c:/maxim/toolchain/bin/../lib/gcc/arm-none-eabi/6.3.1/../../../../arm-none-eabi/lib/thumb/v7e-m/fpv4-sp/softfp\libc.a
END GROUP
LOAD c:/maxim/toolchain/bin/../lib/gcc/arm-none-eabi/6.3.1/thumb/v7e-m/fpv4-sp/softfp/crtend.o
LOAD c:/maxim/toolchain/bin/../lib/gcc/arm-none-eabi/6.3.1/thumb/v7e-m/fpv4-sp/softfp/crtn.o

.text           0x00000000     0x6e4c
                0x00000000                _text = .
 *(.isr_vector)
 .isr_vector    0x00000000      0x110 c:/Users/Srushty00/feetwings/SPI_Loopback/build/startup_max32620.o
                0x00000000                __isr_vector
 *(.text*)
 .text          0x00000110       0x6c c:/maxim/toolchain/bin/../lib/gcc/arm-none-eabi/6.3.1/thumb/v7e-m/fpv4-sp/softfp/crtbegin.o
 .text.main     0x0000017c       0x98 c:/Users/Srushty00/feetwings/SPI_Loopback/build/main.o
                0x0000017c                main
 .text.mxc_assert
                0x00000214       0x10 c:/Users/Srushty00/feetwings/SPI_Loopback/build/board.o
                0x00000214                mxc_assert
 .text.Console_Init
                0x00000224       0x30 c:/Users/Srushty00/feetwings/SPI_Loopback/build/board.o
                0x00000224                Console_Init
 .text.Board_Init
                0x00000254       0x40 c:/Users/Srushty00/feetwings/SPI_Loopback/build/board.o
                0x00000254                Board_Init
 .text.UART_PutChar
                0x00000294       0x20 c:/Users/Srushty00/feetwings/SPI_Loopback/build/stdio.o
 .text.UART_GetChar
                0x000002b4       0x1c c:/Users/Srushty00/feetwings/SPI_Loopback/build/stdio.o
 .text._close   0x000002d0        0x6 c:/Users/Srushty00/feetwings/SPI_Loopback/build/stdio.o
                0x000002d0                _close
 .text._isatty  0x000002d6        0x6 c:/Users/Srushty00/feetwings/SPI_Loopback/build/stdio.o
                0x000002d6                _isatty
 .text._lseek   0x000002dc        0x6 c:/Users/Srushty00/feetwings/SPI_Loopback/build/stdio.o
                0x000002dc                _lseek
 .text._fstat   0x000002e2        0x6 c:/Users/Srushty00/feetwings/SPI_Loopback/build/stdio.o
                0x000002e2                _fstat
 .text._read    0x000002e8       0x34 c:/Users/Srushty00/feetwings/SPI_Loopback/build/stdio.o
                0x000002e8                _read
 .text._write   0x0000031c       0x3e c:/Users/Srushty00/feetwings/SPI_Loopback/build/stdio.o
                0x0000031c                _write
 *fill*         0x0000035a        0x2 
 .text.LED_Init
                0x0000035c       0x68 c:/Users/Srushty00/feetwings/SPI_Loopback/build/led.o
                0x0000035c                LED_Init
 .text.PB_Init  0x000003c4       0x38 c:/Users/Srushty00/feetwings/SPI_Loopback/build/pb.o
                0x000003c4                PB_Init
 .text.GPIO_P0_IRQHandler
                0x000003fc        0xa c:/Users/Srushty00/feetwings/SPI_Loopback/build/pb.o
                0x000003fc                GPIO_P0_IRQHandler
 .text.GPIO_P1_IRQHandler
                0x00000406        0xa c:/Users/Srushty00/feetwings/SPI_Loopback/build/pb.o
                0x00000406                GPIO_P1_IRQHandler
 .text.GPIO_P2_IRQHandler
                0x00000410        0xa c:/Users/Srushty00/feetwings/SPI_Loopback/build/pb.o
                0x00000410                GPIO_P2_IRQHandler
 .text.GPIO_P3_IRQHandler
                0x0000041a        0xa c:/Users/Srushty00/feetwings/SPI_Loopback/build/pb.o
                0x0000041a                GPIO_P3_IRQHandler
 .text.GPIO_P4_IRQHandler
                0x00000424        0xa c:/Users/Srushty00/feetwings/SPI_Loopback/build/pb.o
                0x00000424                GPIO_P4_IRQHandler
 .text.GPIO_P5_IRQHandler
                0x0000042e        0xa c:/Users/Srushty00/feetwings/SPI_Loopback/build/pb.o
                0x0000042e                GPIO_P5_IRQHandler
 .text.GPIO_P6_IRQHandler
                0x00000438        0xa c:/Users/Srushty00/feetwings/SPI_Loopback/build/pb.o
                0x00000438                GPIO_P6_IRQHandler
 .text.GPIO_P7_IRQHandler
                0x00000442        0xa c:/Users/Srushty00/feetwings/SPI_Loopback/build/pb.o
                0x00000442                GPIO_P7_IRQHandler
 .text.GPIO_P8_IRQHandler
                0x0000044c        0xa c:/Users/Srushty00/feetwings/SPI_Loopback/build/pb.o
                0x0000044c                GPIO_P8_IRQHandler
 *fill*         0x00000456        0x2 
 .text          0x00000458       0xe4 c:/Users/Srushty00/feetwings/SPI_Loopback/build/startup_max32620.o
                0x00000458                Reset_Handler
                0x00000496                NMI_Handler
                0x00000498                HardFault_Handler
                0x0000049a                MemManage_Handler
                0x0000049c                BusFault_Handler
                0x0000049e                UsageFault_Handler
                0x000004a0                SVC_Handler
                0x000004a2                DebugMon_Handler
                0x000004a4                PendSV_Handler
                0x000004a6                SysTick_Handler
                0x000004a8                Default_Handler
                0x000004aa                CLKMAN_IRQHandler
                0x000004ac                PWRMAN_IRQHandler
                0x000004ae                FLC_IRQHandler
                0x000004b0                RTC0_IRQHandler
                0x000004b2                RTC1_IRQHandler
                0x000004b4                RTC2_IRQHandler
                0x000004b6                RTC3_IRQHandler
                0x000004b8                PMU_IRQHandler
                0x000004ba                USB_IRQHandler
                0x000004bc                AES_IRQHandler
                0x000004be                MAA_IRQHandler
                0x000004c0                WDT0_IRQHandler
                0x000004c2                WDT0_P_IRQHandler
                0x000004c4                WDT1_IRQHandler
                0x000004c6                WDT1_P_IRQHandler
                0x000004d6                TMR0_IRQHandler
                0x000004d8                TMR16_0_IRQHandler
                0x000004da                TMR1_IRQHandler
                0x000004dc                TMR16_1_IRQHandler
                0x000004de                TMR2_IRQHandler
                0x000004e0                TMR16_2_IRQHandler
                0x000004e2                TMR3_IRQHandler
                0x000004e4                TMR16_3_IRQHandler
                0x000004e6                TMR4_IRQHandler
                0x000004e8                TMR16_4_IRQHandler
                0x000004ea                TMR5_IRQHandler
                0x000004ec                TMR16_5_IRQHandler
                0x000004ee                UART0_IRQHandler
                0x000004f0                UART1_IRQHandler
                0x000004f2                UART2_IRQHandler
                0x000004f4                UART3_IRQHandler
                0x000004f6                PT_IRQHandler
                0x000004f8                I2CM0_IRQHandler
                0x000004fa                I2CM1_IRQHandler
                0x000004fc                I2CM2_IRQHandler
                0x000004fe                I2CS_IRQHandler
                0x00000500                SPIM0_IRQHandler
                0x00000502                SPIM1_IRQHandler
                0x00000504                SPIM2_IRQHandler
                0x00000506                SPIB_IRQHandler
                0x00000508                OWM_IRQHandler
                0x0000050a                AFE_IRQHandler
                0x0000050c                SPIS_IRQHandler
 .text._sbrk    0x0000053c       0x40 c:/Users/Srushty00/feetwings/SPI_Loopback/build/heap.o
                0x0000053c                _sbrk
 .text.ICC_Enable
                0x0000057c       0x30 c:/Users/Srushty00/feetwings/SPI_Loopback/build/system_max32620.o
 .text.SystemCoreClockUpdate
                0x000005ac       0x64 c:/Users/Srushty00/feetwings/SPI_Loopback/build/system_max32620.o
                0x000005ac                SystemCoreClockUpdate
 .text.CLKMAN_TrimRO
                0x00000610       0xbc c:/Users/Srushty00/feetwings/SPI_Loopback/build/system_max32620.o
                0x00000610                CLKMAN_TrimRO
 .text.PreInit  0x000006cc       0x14 c:/Users/Srushty00/feetwings/SPI_Loopback/build/system_max32620.o
                0x000006cc                PreInit
 .text.SystemInit
                0x000006e0      0x154 c:/Users/Srushty00/feetwings/SPI_Loopback/build/system_max32620.o
                0x000006e0                SystemInit
 .text.PinConfig
                0x00000834       0x8c c:/Users/Srushty00/feetwings/SPI_Loopback/build/PeriphDriver/PeriphDriver.a(gpio.o)
 .text.GPIO_Config
                0x000008c0       0x68 c:/Users/Srushty00/feetwings/SPI_Loopback/build/PeriphDriver/PeriphDriver.a(gpio.o)
                0x000008c0                GPIO_Config
 .text.GPIO_Handler
                0x00000928       0x70 c:/Users/Srushty00/feetwings/SPI_Loopback/build/PeriphDriver/PeriphDriver.a(gpio.o)
                0x00000928                GPIO_Handler
 .text.SYS_GetFreq
                0x00000998       0x1c c:/Users/Srushty00/feetwings/SPI_Loopback/build/PeriphDriver/PeriphDriver.a(mxc_sys.o)
                0x00000998                SYS_GetFreq
 .text.SYS_GPIO_Init
                0x000009b4       0x18 c:/Users/Srushty00/feetwings/SPI_Loopback/build/PeriphDriver/PeriphDriver.a(mxc_sys.o)
                0x000009b4                SYS_GPIO_Init
 .text.SYS_UART_Init
                0x000009cc       0xc4 c:/Users/Srushty00/feetwings/SPI_Loopback/build/PeriphDriver/PeriphDriver.a(mxc_sys.o)
                0x000009cc                SYS_UART_Init
 .text.SYS_UART_GetFreq
                0x00000a90        0xe c:/Users/Srushty00/feetwings/SPI_Loopback/build/PeriphDriver/PeriphDriver.a(mxc_sys.o)
                0x00000a90                SYS_UART_GetFreq
 *fill*         0x00000a9e        0x2 
 .text.SYS_SPIM_Init
                0x00000aa0       0xac c:/Users/Srushty00/feetwings/SPI_Loopback/build/PeriphDriver/PeriphDriver.a(mxc_sys.o)
                0x00000aa0                SYS_SPIM_Init
 .text.SYS_SPIM_GetFreq
                0x00000b4c       0x3c c:/Users/Srushty00/feetwings/SPI_Loopback/build/PeriphDriver/PeriphDriver.a(mxc_sys.o)
                0x00000b4c                SYS_SPIM_GetFreq
 .text.SPIM_ReadRXFIFO
                0x00000b88       0x76 c:/Users/Srushty00/feetwings/SPI_Loopback/build/PeriphDriver/PeriphDriver.a(spim.o)
 *fill*         0x00000bfe        0x2 
 .text.SPIM_TransHandler
                0x00000c00      0x264 c:/Users/Srushty00/feetwings/SPI_Loopback/build/PeriphDriver/PeriphDriver.a(spim.o)
 .text.SPIM_Init
                0x00000e64      0x124 c:/Users/Srushty00/feetwings/SPI_Loopback/build/PeriphDriver/PeriphDriver.a(spim.o)
                0x00000e64                SPIM_Init
 .text.SPIM_Trans
                0x00000f88       0xdc c:/Users/Srushty00/feetwings/SPI_Loopback/build/PeriphDriver/PeriphDriver.a(spim.o)
                0x00000f88                SPIM_Trans
 .text.UART_Init
                0x00001064      0x154 c:/Users/Srushty00/feetwings/SPI_Loopback/build/PeriphDriver/PeriphDriver.a(uart.o)
                0x00001064                UART_Init
 .text.CLKMAN_SetClkScale
                0x000011b8       0x50 c:/Users/Srushty00/feetwings/SPI_Loopback/build/PeriphDriver/PeriphDriver.a(clkman.o)
                0x000011b8                CLKMAN_SetClkScale
 .text.CLKMAN_GetClkScale
                0x00001208       0x3c c:/Users/Srushty00/feetwings/SPI_Loopback/build/PeriphDriver/PeriphDriver.a(clkman.o)
                0x00001208                CLKMAN_GetClkScale
 .text.IOMAN_Config
                0x00001244       0x58 c:/Users/Srushty00/feetwings/SPI_Loopback/build/PeriphDriver/PeriphDriver.a(ioman.o)
                0x00001244                IOMAN_Config
 .text.mxc_get_lock
                0x0000129c       0x1c c:/Users/Srushty00/feetwings/SPI_Loopback/build/PeriphDriver/PeriphDriver.a(mxc_lock.o)
                0x0000129c                mxc_get_lock
 .text.mxc_free_lock
                0x000012b8        0xa c:/Users/Srushty00/feetwings/SPI_Loopback/build/PeriphDriver/PeriphDriver.a(mxc_lock.o)
                0x000012b8                mxc_free_lock
 *fill*         0x000012c2        0x2 
 .text.__errno  0x000012c4        0xc c:/maxim/toolchain/bin/../lib/gcc/arm-none-eabi/6.3.1/../../../../arm-none-eabi/lib/thumb/v7e-m/fpv4-sp/softfp\libc.a(lib_a-errno.o)
                0x000012c4                __errno
 .text.__sflush_r
                0x000012d0      0x140 c:/maxim/toolchain/bin/../lib/gcc/arm-none-eabi/6.3.1/../../../../arm-none-eabi/lib/thumb/v7e-m/fpv4-sp/softfp\libc.a(lib_a-fflush.o)
                0x000012d0                __sflush_r
 .text._fflush_r
                0x00001410       0x54 c:/maxim/toolchain/bin/../lib/gcc/arm-none-eabi/6.3.1/../../../../arm-none-eabi/lib/thumb/v7e-m/fpv4-sp/softfp\libc.a(lib_a-fflush.o)
                0x00001410                _fflush_r
 .text._cleanup_r
                0x00001464        0xc c:/maxim/toolchain/bin/../lib/gcc/arm-none-eabi/6.3.1/../../../../arm-none-eabi/lib/thumb/v7e-m/fpv4-sp/softfp\libc.a(lib_a-findfp.o)
                0x00001464                _cleanup_r
 .text.std.isra.0
                0x00001470       0x50 c:/maxim/toolchain/bin/../lib/gcc/arm-none-eabi/6.3.1/../../../../arm-none-eabi/lib/thumb/v7e-m/fpv4-sp/softfp\libc.a(lib_a-findfp.o)
 .text.__sinit  0x000014c0       0x58 c:/maxim/toolchain/bin/../lib/gcc/arm-none-eabi/6.3.1/../../../../arm-none-eabi/lib/thumb/v7e-m/fpv4-sp/softfp\libc.a(lib_a-findfp.o)
                0x000014c0                __sinit
 .text.__sfp_lock_acquire
                0x00001518        0xc c:/maxim/toolchain/bin/../lib/gcc/arm-none-eabi/6.3.1/../../../../arm-none-eabi/lib/thumb/v7e-m/fpv4-sp/softfp\libc.a(lib_a-findfp.o)
                0x00001518                __sfp_lock_acquire
 .text.__sfp_lock_release
                0x00001524        0xc c:/maxim/toolchain/bin/../lib/gcc/arm-none-eabi/6.3.1/../../../../arm-none-eabi/lib/thumb/v7e-m/fpv4-sp/softfp\libc.a(lib_a-findfp.o)
                0x00001524                __sfp_lock_release
 .text._malloc_trim_r
                0x00001530       0xa0 c:/maxim/toolchain/bin/../lib/gcc/arm-none-eabi/6.3.1/../../../../arm-none-eabi/lib/thumb/v7e-m/fpv4-sp/softfp\libc.a(lib_a-freer.o)
                0x00001530                _malloc_trim_r
 .text._free_r  0x000015d0      0x1cc c:/maxim/toolchain/bin/../lib/gcc/arm-none-eabi/6.3.1/../../../../arm-none-eabi/lib/thumb/v7e-m/fpv4-sp/softfp\libc.a(lib_a-freer.o)
                0x000015d0                _free_r
 .text._fwalk_reent
                0x0000179c       0x54 c:/maxim/toolchain/bin/../lib/gcc/arm-none-eabi/6.3.1/../../../../arm-none-eabi/lib/thumb/v7e-m/fpv4-sp/softfp\libc.a(lib_a-fwalk.o)
                0x0000179c                _fwalk_reent
 .text.__libc_init_array
                0x000017f0       0x50 c:/maxim/toolchain/bin/../lib/gcc/arm-none-eabi/6.3.1/../../../../arm-none-eabi/lib/thumb/v7e-m/fpv4-sp/softfp\libc.a(lib_a-init.o)
                0x000017f0                __libc_init_array
 .text.__retarget_lock_init_recursive
                0x00001840        0x4 c:/maxim/toolchain/bin/../lib/gcc/arm-none-eabi/6.3.1/../../../../arm-none-eabi/lib/thumb/v7e-m/fpv4-sp/softfp\libc.a(lib_a-lock.o)
                0x00001840                __retarget_lock_init_recursive
 .text.__retarget_lock_close_recursive
                0x00001844        0x4 c:/maxim/toolchain/bin/../lib/gcc/arm-none-eabi/6.3.1/../../../../arm-none-eabi/lib/thumb/v7e-m/fpv4-sp/softfp\libc.a(lib_a-lock.o)
                0x00001844                __retarget_lock_close_recursive
 .text.__retarget_lock_acquire_recursive
                0x00001848        0x4 c:/maxim/toolchain/bin/../lib/gcc/arm-none-eabi/6.3.1/../../../../arm-none-eabi/lib/thumb/v7e-m/fpv4-sp/softfp\libc.a(lib_a-lock.o)
                0x00001848                __retarget_lock_acquire_recursive
 .text.__retarget_lock_release_recursive
                0x0000184c        0x4 c:/maxim/toolchain/bin/../lib/gcc/arm-none-eabi/6.3.1/../../../../arm-none-eabi/lib/thumb/v7e-m/fpv4-sp/softfp\libc.a(lib_a-lock.o)
                0x0000184c                __retarget_lock_release_recursive
 .text._malloc_r
                0x00001850      0x560 c:/maxim/toolchain/bin/../lib/gcc/arm-none-eabi/6.3.1/../../../../arm-none-eabi/lib/thumb/v7e-m/fpv4-sp/softfp\libc.a(lib_a-mallocr.o)
                0x00001850                _malloc_r
 .text          0x00001db0      0x134 c:/maxim/toolchain/bin/../lib/gcc/arm-none-eabi/6.3.1/../../../../arm-none-eabi/lib/thumb/v7e-m/fpv4-sp/softfp\libc.a(lib_a-memcpy.o)
                0x00001db0                memcpy
 .text.memset   0x00001ee4       0x9c c:/maxim/toolchain/bin/../lib/gcc/arm-none-eabi/6.3.1/../../../../arm-none-eabi/lib/thumb/v7e-m/fpv4-sp/softfp\libc.a(lib_a-memset.o)
                0x00001ee4                memset
 .text.__malloc_lock
                0x00001f80        0xc c:/maxim/toolchain/bin/../lib/gcc/arm-none-eabi/6.3.1/../../../../arm-none-eabi/lib/thumb/v7e-m/fpv4-sp/softfp\libc.a(lib_a-mlock.o)
                0x00001f80                __malloc_lock
 .text.__malloc_unlock
                0x00001f8c        0xc c:/maxim/toolchain/bin/../lib/gcc/arm-none-eabi/6.3.1/../../../../arm-none-eabi/lib/thumb/v7e-m/fpv4-sp/softfp\libc.a(lib_a-mlock.o)
                0x00001f8c                __malloc_unlock
 .text.printf   0x00001f98       0x28 c:/maxim/toolchain/bin/../lib/gcc/arm-none-eabi/6.3.1/../../../../arm-none-eabi/lib/thumb/v7e-m/fpv4-sp/softfp\libc.a(lib_a-printf.o)
                0x00001f98                printf
 .text._puts_r  0x00001fc0       0x9c c:/maxim/toolchain/bin/../lib/gcc/arm-none-eabi/6.3.1/../../../../arm-none-eabi/lib/thumb/v7e-m/fpv4-sp/softfp\libc.a(lib_a-puts.o)
                0x00001fc0                _puts_r
 .text.puts     0x0000205c       0x10 c:/maxim/toolchain/bin/../lib/gcc/arm-none-eabi/6.3.1/../../../../arm-none-eabi/lib/thumb/v7e-m/fpv4-sp/softfp\libc.a(lib_a-puts.o)
                0x0000205c                puts
 .text._sbrk_r  0x0000206c       0x24 c:/maxim/toolchain/bin/../lib/gcc/arm-none-eabi/6.3.1/../../../../arm-none-eabi/lib/thumb/v7e-m/fpv4-sp/softfp\libc.a(lib_a-sbrkr.o)
                0x0000206c                _sbrk_r
 .text.__sread  0x00002090       0x24 c:/maxim/toolchain/bin/../lib/gcc/arm-none-eabi/6.3.1/../../../../arm-none-eabi/lib/thumb/v7e-m/fpv4-sp/softfp\libc.a(lib_a-stdio.o)
                0x00002090                __sread
 .text.__swrite
                0x000020b4       0x3c c:/maxim/toolchain/bin/../lib/gcc/arm-none-eabi/6.3.1/../../../../arm-none-eabi/lib/thumb/v7e-m/fpv4-sp/softfp\libc.a(lib_a-stdio.o)
                0x000020b4                __swrite
 .text.__sseek  0x000020f0       0x20 c:/maxim/toolchain/bin/../lib/gcc/arm-none-eabi/6.3.1/../../../../arm-none-eabi/lib/thumb/v7e-m/fpv4-sp/softfp\libc.a(lib_a-stdio.o)
                0x000020f0                __sseek
 .text.__sclose
                0x00002110        0x8 c:/maxim/toolchain/bin/../lib/gcc/arm-none-eabi/6.3.1/../../../../arm-none-eabi/lib/thumb/v7e-m/fpv4-sp/softfp\libc.a(lib_a-stdio.o)
                0x00002110                __sclose
 *fill*         0x00002118       0x28 
 .text          0x00002140       0xdc c:/maxim/toolchain/bin/../lib/gcc/arm-none-eabi/6.3.1/../../../../arm-none-eabi/lib/thumb/v7e-m/fpv4-sp/softfp\libc.a(lib_a-strlen.o)
                0x00002140                strlen
 *fill*         0x0000221c        0x4 
 .text._vfprintf_r
                0x00002220     0x1584 c:/maxim/toolchain/bin/../lib/gcc/arm-none-eabi/6.3.1/../../../../arm-none-eabi/lib/thumb/v7e-m/fpv4-sp/softfp\libc.a(lib_a-vfprintf.o)
                0x00002220                _vfprintf_r
 .text.__sbprintf
                0x000037a4       0x84 c:/maxim/toolchain/bin/../lib/gcc/arm-none-eabi/6.3.1/../../../../arm-none-eabi/lib/thumb/v7e-m/fpv4-sp/softfp\libc.a(lib_a-vfprintf.o)
 .text._write_r
                0x00003828       0x2c c:/maxim/toolchain/bin/../lib/gcc/arm-none-eabi/6.3.1/../../../../arm-none-eabi/lib/thumb/v7e-m/fpv4-sp/softfp\libc.a(lib_a-writer.o)
                0x00003828                _write_r
 .text.__swsetup_r
                0x00003854       0xc8 c:/maxim/toolchain/bin/../lib/gcc/arm-none-eabi/6.3.1/../../../../arm-none-eabi/lib/thumb/v7e-m/fpv4-sp/softfp\libc.a(lib_a-wsetup.o)
                0x00003854                __swsetup_r
 .text.startup.register_fini
                0x0000391c       0x14 c:/maxim/toolchain/bin/../lib/gcc/arm-none-eabi/6.3.1/../../../../arm-none-eabi/lib/thumb/v7e-m/fpv4-sp/softfp\libc.a(lib_a-__call_atexit.o)
 .text.atexit   0x00003930        0xc c:/maxim/toolchain/bin/../lib/gcc/arm-none-eabi/6.3.1/../../../../arm-none-eabi/lib/thumb/v7e-m/fpv4-sp/softfp\libc.a(lib_a-atexit.o)
                0x00003930                atexit
 .text._close_r
                0x0000393c       0x24 c:/maxim/toolchain/bin/../lib/gcc/arm-none-eabi/6.3.1/../../../../arm-none-eabi/lib/thumb/v7e-m/fpv4-sp/softfp\libc.a(lib_a-closer.o)
                0x0000393c                _close_r
 .text.quorem   0x00003960      0x128 c:/maxim/toolchain/bin/../lib/gcc/arm-none-eabi/6.3.1/../../../../arm-none-eabi/lib/thumb/v7e-m/fpv4-sp/softfp\libc.a(lib_a-dtoa.o)
 .text._dtoa_r  0x00003a88      0xe34 c:/maxim/toolchain/bin/../lib/gcc/arm-none-eabi/6.3.1/../../../../arm-none-eabi/lib/thumb/v7e-m/fpv4-sp/softfp\libc.a(lib_a-dtoa.o)
                0x00003a88                _dtoa_r
 .text._fclose_r
                0x000048bc       0xc4 c:/maxim/toolchain/bin/../lib/gcc/arm-none-eabi/6.3.1/../../../../arm-none-eabi/lib/thumb/v7e-m/fpv4-sp/softfp\libc.a(lib_a-fclose.o)
                0x000048bc                _fclose_r
 .text.__libc_fini_array
                0x00004980       0x34 c:/maxim/toolchain/bin/../lib/gcc/arm-none-eabi/6.3.1/../../../../arm-none-eabi/lib/thumb/v7e-m/fpv4-sp/softfp\libc.a(lib_a-fini.o)
                0x00004980                __libc_fini_array
 .text.__sfvwrite_r
                0x000049b4      0x2f0 c:/maxim/toolchain/bin/../lib/gcc/arm-none-eabi/6.3.1/../../../../arm-none-eabi/lib/thumb/v7e-m/fpv4-sp/softfp\libc.a(lib_a-fvwrite.o)
                0x000049b4                __sfvwrite_r
 .text._localeconv_r
                0x00004ca4       0x1c c:/maxim/toolchain/bin/../lib/gcc/arm-none-eabi/6.3.1/../../../../arm-none-eabi/lib/thumb/v7e-m/fpv4-sp/softfp\libc.a(lib_a-localeconv.o)
                0x00004ca4                _localeconv_r
 .text._lseek_r
                0x00004cc0       0x2c c:/maxim/toolchain/bin/../lib/gcc/arm-none-eabi/6.3.1/../../../../arm-none-eabi/lib/thumb/v7e-m/fpv4-sp/softfp\libc.a(lib_a-lseekr.o)
                0x00004cc0                _lseek_r
 .text.__swhatbuf_r
                0x00004cec       0x5c c:/maxim/toolchain/bin/../lib/gcc/arm-none-eabi/6.3.1/../../../../arm-none-eabi/lib/thumb/v7e-m/fpv4-sp/softfp\libc.a(lib_a-makebuf.o)
                0x00004cec                __swhatbuf_r
 .text.__smakebuf_r
                0x00004d48       0x94 c:/maxim/toolchain/bin/../lib/gcc/arm-none-eabi/6.3.1/../../../../arm-none-eabi/lib/thumb/v7e-m/fpv4-sp/softfp\libc.a(lib_a-makebuf.o)
                0x00004d48                __smakebuf_r
 *fill*         0x00004ddc        0x4 
 .text          0x00004de0       0xa0 c:/maxim/toolchain/bin/../lib/gcc/arm-none-eabi/6.3.1/../../../../arm-none-eabi/lib/thumb/v7e-m/fpv4-sp/softfp\libc.a(lib_a-memchr.o)
                0x00004de0                memchr
 .text.memmove  0x00004e80       0xc8 c:/maxim/toolchain/bin/../lib/gcc/arm-none-eabi/6.3.1/../../../../arm-none-eabi/lib/thumb/v7e-m/fpv4-sp/softfp\libc.a(lib_a-memmove.o)
                0x00004e80                memmove
 .text._Balloc  0x00004f48       0x4c c:/maxim/toolchain/bin/../lib/gcc/arm-none-eabi/6.3.1/../../../../arm-none-eabi/lib/thumb/v7e-m/fpv4-sp/softfp\libc.a(lib_a-mprec.o)
                0x00004f48                _Balloc
 .text._Bfree   0x00004f94       0x14 c:/maxim/toolchain/bin/../lib/gcc/arm-none-eabi/6.3.1/../../../../arm-none-eabi/lib/thumb/v7e-m/fpv4-sp/softfp\libc.a(lib_a-mprec.o)
                0x00004f94                _Bfree
 .text.__multadd
                0x00004fa8       0x80 c:/maxim/toolchain/bin/../lib/gcc/arm-none-eabi/6.3.1/../../../../arm-none-eabi/lib/thumb/v7e-m/fpv4-sp/softfp\libc.a(lib_a-mprec.o)
                0x00004fa8                __multadd
 .text.__hi0bits
                0x00005028       0x40 c:/maxim/toolchain/bin/../lib/gcc/arm-none-eabi/6.3.1/../../../../arm-none-eabi/lib/thumb/v7e-m/fpv4-sp/softfp\libc.a(lib_a-mprec.o)
                0x00005028                __hi0bits
 .text.__lo0bits
                0x00005068       0x60 c:/maxim/toolchain/bin/../lib/gcc/arm-none-eabi/6.3.1/../../../../arm-none-eabi/lib/thumb/v7e-m/fpv4-sp/softfp\libc.a(lib_a-mprec.o)
                0x00005068                __lo0bits
 .text.__i2b    0x000050c8       0x14 c:/maxim/toolchain/bin/../lib/gcc/arm-none-eabi/6.3.1/../../../../arm-none-eabi/lib/thumb/v7e-m/fpv4-sp/softfp\libc.a(lib_a-mprec.o)
                0x000050c8                __i2b
 .text.__multiply
                0x000050dc      0x124 c:/maxim/toolchain/bin/../lib/gcc/arm-none-eabi/6.3.1/../../../../arm-none-eabi/lib/thumb/v7e-m/fpv4-sp/softfp\libc.a(lib_a-mprec.o)
                0x000050dc                __multiply
 .text.__pow5mult
                0x00005200       0xa0 c:/maxim/toolchain/bin/../lib/gcc/arm-none-eabi/6.3.1/../../../../arm-none-eabi/lib/thumb/v7e-m/fpv4-sp/softfp\libc.a(lib_a-mprec.o)
                0x00005200                __pow5mult
 .text.__lshift
                0x000052a0       0xa4 c:/maxim/toolchain/bin/../lib/gcc/arm-none-eabi/6.3.1/../../../../arm-none-eabi/lib/thumb/v7e-m/fpv4-sp/softfp\libc.a(lib_a-mprec.o)
                0x000052a0                __lshift
 .text.__mcmp   0x00005344       0x38 c:/maxim/toolchain/bin/../lib/gcc/arm-none-eabi/6.3.1/../../../../arm-none-eabi/lib/thumb/v7e-m/fpv4-sp/softfp\libc.a(lib_a-mprec.o)
                0x00005344                __mcmp
 .text.__mdiff  0x0000537c      0x108 c:/maxim/toolchain/bin/../lib/gcc/arm-none-eabi/6.3.1/../../../../arm-none-eabi/lib/thumb/v7e-m/fpv4-sp/softfp\libc.a(lib_a-mprec.o)
                0x0000537c                __mdiff
 .text.__d2b    0x00005484       0xb8 c:/maxim/toolchain/bin/../lib/gcc/arm-none-eabi/6.3.1/../../../../arm-none-eabi/lib/thumb/v7e-m/fpv4-sp/softfp\libc.a(lib_a-mprec.o)
                0x00005484                __d2b
 .text._read_r  0x0000553c       0x2c c:/maxim/toolchain/bin/../lib/gcc/arm-none-eabi/6.3.1/../../../../arm-none-eabi/lib/thumb/v7e-m/fpv4-sp/softfp\libc.a(lib_a-readr.o)
                0x0000553c                _read_r
 .text._realloc_r
                0x00005568      0x34c c:/maxim/toolchain/bin/../lib/gcc/arm-none-eabi/6.3.1/../../../../arm-none-eabi/lib/thumb/v7e-m/fpv4-sp/softfp\libc.a(lib_a-reallocr.o)
                0x00005568                _realloc_r
 .text.__sprint_r.part.0
                0x000058b4       0x80 c:/maxim/toolchain/bin/../lib/gcc/arm-none-eabi/6.3.1/../../../../arm-none-eabi/lib/thumb/v7e-m/fpv4-sp/softfp\libc.a(lib_a-vfiprintf.o)
 .text.__sprint_r
                0x00005934       0x14 c:/maxim/toolchain/bin/../lib/gcc/arm-none-eabi/6.3.1/../../../../arm-none-eabi/lib/thumb/v7e-m/fpv4-sp/softfp\libc.a(lib_a-vfiprintf.o)
                0x00005934                __sprint_r
 .text.__register_exitproc
                0x00005948       0xc4 c:/maxim/toolchain/bin/../lib/gcc/arm-none-eabi/6.3.1/../../../../arm-none-eabi/lib/thumb/v7e-m/fpv4-sp/softfp\libc.a(lib_a-__atexit.o)
                0x00005948                __register_exitproc
 .text._calloc_r
                0x00005a0c       0x60 c:/maxim/toolchain/bin/../lib/gcc/arm-none-eabi/6.3.1/../../../../arm-none-eabi/lib/thumb/v7e-m/fpv4-sp/softfp\libc.a(lib_a-callocr.o)
                0x00005a0c                _calloc_r
 .text.__fputwc
                0x00005a6c       0xa0 c:/maxim/toolchain/bin/../lib/gcc/arm-none-eabi/6.3.1/../../../../arm-none-eabi/lib/thumb/v7e-m/fpv4-sp/softfp\libc.a(lib_a-fputwc.o)
                0x00005a6c                __fputwc
 .text._fputwc_r
                0x00005b0c       0x68 c:/maxim/toolchain/bin/../lib/gcc/arm-none-eabi/6.3.1/../../../../arm-none-eabi/lib/thumb/v7e-m/fpv4-sp/softfp\libc.a(lib_a-fputwc.o)
                0x00005b0c                _fputwc_r
 .text._fstat_r
                0x00005b74       0x28 c:/maxim/toolchain/bin/../lib/gcc/arm-none-eabi/6.3.1/../../../../arm-none-eabi/lib/thumb/v7e-m/fpv4-sp/softfp\libc.a(lib_a-fstatr.o)
                0x00005b74                _fstat_r
 .text._isatty_r
                0x00005b9c       0x24 c:/maxim/toolchain/bin/../lib/gcc/arm-none-eabi/6.3.1/../../../../arm-none-eabi/lib/thumb/v7e-m/fpv4-sp/softfp\libc.a(lib_a-isattyr.o)
                0x00005b9c                _isatty_r
 .text.__locale_mb_cur_max
                0x00005bc0       0x1c c:/maxim/toolchain/bin/../lib/gcc/arm-none-eabi/6.3.1/../../../../arm-none-eabi/lib/thumb/v7e-m/fpv4-sp/softfp\libc.a(lib_a-locale.o)
                0x00005bc0                __locale_mb_cur_max
 .text.__ascii_mbtowc
                0x00005bdc       0x2c c:/maxim/toolchain/bin/../lib/gcc/arm-none-eabi/6.3.1/../../../../arm-none-eabi/lib/thumb/v7e-m/fpv4-sp/softfp\libc.a(lib_a-mbtowc_r.o)
                0x00005bdc                __ascii_mbtowc
 .text.__swbuf_r
                0x00005c08       0xb0 c:/maxim/toolchain/bin/../lib/gcc/arm-none-eabi/6.3.1/../../../../arm-none-eabi/lib/thumb/v7e-m/fpv4-sp/softfp\libc.a(lib_a-wbuf.o)
                0x00005c08                __swbuf_r
 .text._wcrtomb_r
                0x00005cb8       0x54 c:/maxim/toolchain/bin/../lib/gcc/arm-none-eabi/6.3.1/../../../../arm-none-eabi/lib/thumb/v7e-m/fpv4-sp/softfp\libc.a(lib_a-wcrtomb.o)
                0x00005cb8                _wcrtomb_r
 .text.__ascii_wctomb
                0x00005d0c       0x1c c:/maxim/toolchain/bin/../lib/gcc/arm-none-eabi/6.3.1/../../../../arm-none-eabi/lib/thumb/v7e-m/fpv4-sp/softfp\libc.a(lib_a-wctomb_r.o)
                0x00005d0c                __ascii_wctomb
 .text          0x00005d28      0x370 c:/maxim/toolchain/bin/../lib/gcc/arm-none-eabi/6.3.1/thumb/v7e-m/fpv4-sp/softfp\libgcc.a(_arm_addsubdf3.o)
                0x00005d28                __aeabi_drsub
                0x00005d30                __aeabi_dsub
                0x00005d30                __subdf3
                0x00005d34                __aeabi_dadd
                0x00005d34                __adddf3
                0x00005fac                __floatunsidf
                0x00005fac                __aeabi_ui2d
                0x00005fcc                __floatsidf
                0x00005fcc                __aeabi_i2d
                0x00005ff0                __aeabi_f2d
                0x00005ff0                __extendsfdf2
                0x0000602c                __floatundidf
                0x0000602c                __aeabi_ul2d
                0x0000603c                __floatdidf
                0x0000603c                __aeabi_l2d
 .text          0x00006098      0x424 c:/maxim/toolchain/bin/../lib/gcc/arm-none-eabi/6.3.1/thumb/v7e-m/fpv4-sp/softfp\libgcc.a(_arm_muldivdf3.o)
                0x00006098                __aeabi_dmul
                0x00006098                __muldf3
                0x000062ec                __divdf3
                0x000062ec                __aeabi_ddiv
 .text          0x000064bc      0x110 c:/maxim/toolchain/bin/../lib/gcc/arm-none-eabi/6.3.1/thumb/v7e-m/fpv4-sp/softfp\libgcc.a(_arm_cmpdf2.o)
                0x000064bc                __gtdf2
                0x000064bc                __gedf2
                0x000064c4                __ltdf2
                0x000064c4                __ledf2
                0x000064cc                __nedf2
                0x000064cc                __eqdf2
                0x000064cc                __cmpdf2
                0x00006548                __aeabi_cdrcmple
                0x00006558                __aeabi_cdcmpeq
                0x00006558                __aeabi_cdcmple
                0x00006568                __aeabi_dcmpeq
                0x0000657c                __aeabi_dcmplt
                0x00006590                __aeabi_dcmple
                0x000065a4                __aeabi_dcmpge
                0x000065b8                __aeabi_dcmpgt
 .text          0x000065cc       0x2c c:/maxim/toolchain/bin/../lib/gcc/arm-none-eabi/6.3.1/thumb/v7e-m/fpv4-sp/softfp\libgcc.a(_arm_unorddf2.o)
                0x000065cc                __unorddf2
                0x000065cc                __aeabi_dcmpun
 .text          0x000065f8       0x50 c:/maxim/toolchain/bin/../lib/gcc/arm-none-eabi/6.3.1/thumb/v7e-m/fpv4-sp/softfp\libgcc.a(_arm_fixdfsi.o)
                0x000065f8                __aeabi_d2iz
                0x000065f8                __fixdfsi
 .text          0x00006648       0x30 c:/maxim/toolchain/bin/../lib/gcc/arm-none-eabi/6.3.1/thumb/v7e-m/fpv4-sp/softfp\libgcc.a(_aeabi_uldivmod.o)
                0x00006648                __aeabi_uldivmod
 .text          0x00006678      0x2dc c:/maxim/toolchain/bin/../lib/gcc/arm-none-eabi/6.3.1/thumb/v7e-m/fpv4-sp/softfp\libgcc.a(_udivmoddi4.o)
                0x00006678                __udivmoddi4
 .text          0x00006954        0x4 c:/maxim/toolchain/bin/../lib/gcc/arm-none-eabi/6.3.1/thumb/v7e-m/fpv4-sp/softfp\libgcc.a(_dvmd_tls.o)
                0x00006954                __aeabi_idiv0
                0x00006954                __aeabi_ldiv0
 *(.rodata*)
 .rodata        0x00006958        0x2 c:/Users/Srushty00/feetwings/SPI_Loopback/build/main.o
 *fill*         0x0000695a        0x2 
 .rodata.main.str1.4
                0x0000695c       0x2d c:/Users/Srushty00/feetwings/SPI_Loopback/build/main.o
 *fill*         0x00006989        0x3 
 .rodata.Console_Init.str1.4
                0x0000698c       0x51 c:/Users/Srushty00/feetwings/SPI_Loopback/build/board.o
 *fill*         0x000069dd        0x3 
 .rodata.console_sys_cfg
                0x000069e0       0x10 c:/Users/Srushty00/feetwings/SPI_Loopback/build/board.o
                0x000069e0                console_sys_cfg
 .rodata.console_uart_cfg
                0x000069f0        0xc c:/Users/Srushty00/feetwings/SPI_Loopback/build/board.o
                0x000069f0                console_uart_cfg
 .rodata.led_pin
                0x000069fc       0x24 c:/Users/Srushty00/feetwings/SPI_Loopback/build/board.o
                0x000069fc                led_pin
 .rodata.mxc_assert.str1.4
                0x00006a20       0x19 c:/Users/Srushty00/feetwings/SPI_Loopback/build/board.o
 *fill*         0x00006a39        0x3 
 .rodata.num_leds
                0x00006a3c        0x4 c:/Users/Srushty00/feetwings/SPI_Loopback/build/board.o
                0x00006a3c                num_leds
 .rodata.num_pbs
                0x00006a40        0x4 c:/Users/Srushty00/feetwings/SPI_Loopback/build/board.o
                0x00006a40                num_pbs
 .rodata.pb_pin
                0x00006a44        0xc c:/Users/Srushty00/feetwings/SPI_Loopback/build/board.o
                0x00006a44                pb_pin
 .rodata.LED_Init.str1.4
                0x00006a50       0x4b c:/Users/Srushty00/feetwings/SPI_Loopback/build/led.o
 *fill*         0x00006a9b        0x1 
 .rodata.GPIO_Config.str1.4
                0x00006a9c       0x33 c:/Users/Srushty00/feetwings/SPI_Loopback/build/PeriphDriver/PeriphDriver.a(gpio.o)
 *fill*         0x00006acf        0x1 
 .rodata.GPIO_Handler.str1.4
                0x00006ad0       0x1a c:/Users/Srushty00/feetwings/SPI_Loopback/build/PeriphDriver/PeriphDriver.a(gpio.o)
 *fill*         0x00006aea        0x2 
 .rodata.SPIM_Init.str1.4
                0x00006aec       0x1e c:/Users/Srushty00/feetwings/SPI_Loopback/build/PeriphDriver/PeriphDriver.a(spim.o)
 *fill*         0x00006b0a        0x2 
 .rodata.UART_Init.str1.4
                0x00006b0c       0x2d c:/Users/Srushty00/feetwings/SPI_Loopback/build/PeriphDriver/PeriphDriver.a(uart.o)
 *fill*         0x00006b39        0x3 
 .rodata.CLKMAN_SetClkScale.str1.4
                0x00006b3c       0x33 c:/Users/Srushty00/feetwings/SPI_Loopback/build/PeriphDriver/PeriphDriver.a(clkman.o)
 *fill*         0x00006b6f        0x1 
 .rodata.CLKMAN_SetSystemClock.str1.4
                0x00006b70       0x33 c:/Users/Srushty00/feetwings/SPI_Loopback/build/PeriphDriver/PeriphDriver.a(clkman.o)
 *fill*         0x00006ba3        0x1 
 .rodata._global_impure_ptr
                0x00006ba4        0x4 c:/maxim/toolchain/bin/../lib/gcc/arm-none-eabi/6.3.1/../../../../arm-none-eabi/lib/thumb/v7e-m/fpv4-sp/softfp\libc.a(lib_a-impure.o)
                0x00006ba4                _global_impure_ptr
 .rodata._puts_r.str1.4
                0x00006ba8        0x2 c:/maxim/toolchain/bin/../lib/gcc/arm-none-eabi/6.3.1/../../../../arm-none-eabi/lib/thumb/v7e-m/fpv4-sp/softfp\libc.a(lib_a-puts.o)
 *fill*         0x00006baa        0x2 
 .rodata._vfprintf_r.str1.4
                0x00006bac       0x3f c:/maxim/toolchain/bin/../lib/gcc/arm-none-eabi/6.3.1/../../../../arm-none-eabi/lib/thumb/v7e-m/fpv4-sp/softfp\libc.a(lib_a-vfprintf.o)
                                 0x42 (size before relaxing)
 *fill*         0x00006beb        0x1 
 .rodata.blanks.8366
                0x00006bec       0x10 c:/maxim/toolchain/bin/../lib/gcc/arm-none-eabi/6.3.1/../../../../arm-none-eabi/lib/thumb/v7e-m/fpv4-sp/softfp\libc.a(lib_a-vfprintf.o)
 .rodata.zeroes.8367
                0x00006bfc       0x10 c:/maxim/toolchain/bin/../lib/gcc/arm-none-eabi/6.3.1/../../../../arm-none-eabi/lib/thumb/v7e-m/fpv4-sp/softfp\libc.a(lib_a-vfprintf.o)
 .rodata._dtoa_r.str1.4
                0x00006c0c       0x10 c:/maxim/toolchain/bin/../lib/gcc/arm-none-eabi/6.3.1/../../../../arm-none-eabi/lib/thumb/v7e-m/fpv4-sp/softfp\libc.a(lib_a-dtoa.o)
                                 0x12 (size before relaxing)
 *fill*         0x00006c1c        0x4 
 .rodata.__mprec_bigtens
                0x00006c20       0x28 c:/maxim/toolchain/bin/../lib/gcc/arm-none-eabi/6.3.1/../../../../arm-none-eabi/lib/thumb/v7e-m/fpv4-sp/softfp\libc.a(lib_a-mprec.o)
                0x00006c20                __mprec_bigtens
 .rodata.__mprec_tens
                0x00006c48       0xc8 c:/maxim/toolchain/bin/../lib/gcc/arm-none-eabi/6.3.1/../../../../arm-none-eabi/lib/thumb/v7e-m/fpv4-sp/softfp\libc.a(lib_a-mprec.o)
                0x00006c48                __mprec_tens
 .rodata.p05.7183
                0x00006d10        0xc c:/maxim/toolchain/bin/../lib/gcc/arm-none-eabi/6.3.1/../../../../arm-none-eabi/lib/thumb/v7e-m/fpv4-sp/softfp\libc.a(lib_a-mprec.o)
 .rodata._setlocale_r.str1.4
                0x00006d1c        0xa c:/maxim/toolchain/bin/../lib/gcc/arm-none-eabi/6.3.1/../../../../arm-none-eabi/lib/thumb/v7e-m/fpv4-sp/softfp\libc.a(lib_a-locale.o)
                                  0xd (size before relaxing)
 *fill*         0x00006d26        0x2 
 .rodata.str1.4
                0x00006d28        0x4 c:/maxim/toolchain/bin/../lib/gcc/arm-none-eabi/6.3.1/../../../../arm-none-eabi/lib/thumb/v7e-m/fpv4-sp/softfp\libc.a(lib_a-locale.o)
                                  0x2 (size before relaxing)
 .rodata._ctype_
                0x00006d2c      0x101 c:/maxim/toolchain/bin/../lib/gcc/arm-none-eabi/6.3.1/../../../../arm-none-eabi/lib/thumb/v7e-m/fpv4-sp/softfp\libc.a(lib_a-ctype_.o)
                0x00006d2c                _ctype_
 *(.init)
 *fill*         0x00006e2d        0x3 
 .init          0x00006e30        0x4 c:/maxim/toolchain/bin/../lib/gcc/arm-none-eabi/6.3.1/thumb/v7e-m/fpv4-sp/softfp/crti.o
                0x00006e30                _init
 .init          0x00006e34        0x8 c:/maxim/toolchain/bin/../lib/gcc/arm-none-eabi/6.3.1/thumb/v7e-m/fpv4-sp/softfp/crtn.o
 *(.fini)
 .fini          0x00006e3c        0x4 c:/maxim/toolchain/bin/../lib/gcc/arm-none-eabi/6.3.1/thumb/v7e-m/fpv4-sp/softfp/crti.o
                0x00006e3c                _fini
 .fini          0x00006e40        0x8 c:/maxim/toolchain/bin/../lib/gcc/arm-none-eabi/6.3.1/thumb/v7e-m/fpv4-sp/softfp/crtn.o
 *(.eh_frame*)
 .eh_frame      0x00006e48        0x0 c:/maxim/toolchain/bin/../lib/gcc/arm-none-eabi/6.3.1/thumb/v7e-m/fpv4-sp/softfp/crtbegin.o
 .eh_frame      0x00006e48        0x4 c:/maxim/toolchain/bin/../lib/gcc/arm-none-eabi/6.3.1/thumb/v7e-m/fpv4-sp/softfp/crtend.o
                0x00006e4c                _etext = .

.glue_7         0x00006e4c        0x0
 .glue_7        0x00006e4c        0x0 linker stubs

.glue_7t        0x00006e4c        0x0
 .glue_7t       0x00006e4c        0x0 linker stubs

.vfp11_veneer   0x00006e4c        0x0
 .vfp11_veneer  0x00006e4c        0x0 linker stubs

.v4_bx          0x00006e4c        0x0
 .v4_bx         0x00006e4c        0x0 linker stubs

.iplt           0x00006e4c        0x0
 .iplt          0x00006e4c        0x0 c:/maxim/toolchain/bin/../lib/gcc/arm-none-eabi/6.3.1/thumb/v7e-m/fpv4-sp/softfp/crtbegin.o

.ARM.exidx      0x00006e4c        0x8
                0x00006e4c                __exidx_start = .
 *(.ARM.exidx*)
 .ARM.exidx     0x00006e4c        0x8 c:/maxim/toolchain/bin/../lib/gcc/arm-none-eabi/6.3.1/thumb/v7e-m/fpv4-sp/softfp\libgcc.a(_udivmoddi4.o)
                0x00006e54                __exidx_end = .

.rel.dyn        0x00006e54        0x0
 .rel.iplt      0x00006e54        0x0 c:/maxim/toolchain/bin/../lib/gcc/arm-none-eabi/6.3.1/thumb/v7e-m/fpv4-sp/softfp/crtbegin.o

.data           0x20000000      0x9bc load address 0x00006e54
                0x20000000                _data = ALIGN (., 0x4)
 *(.data*)
 .data.SystemCoreClock
                0x20000000        0x4 c:/Users/Srushty00/feetwings/SPI_Loopback/build/system_max32620.o
                0x20000000                SystemCoreClock
 .data._impure_ptr
                0x20000004        0x4 c:/maxim/toolchain/bin/../lib/gcc/arm-none-eabi/6.3.1/../../../../arm-none-eabi/lib/thumb/v7e-m/fpv4-sp/softfp\libc.a(lib_a-impure.o)
                0x20000004                _impure_ptr
 .data.impure_data
                0x20000008      0x428 c:/maxim/toolchain/bin/../lib/gcc/arm-none-eabi/6.3.1/../../../../arm-none-eabi/lib/thumb/v7e-m/fpv4-sp/softfp\libc.a(lib_a-impure.o)
 .data.__malloc_av_
                0x20000430      0x408 c:/maxim/toolchain/bin/../lib/gcc/arm-none-eabi/6.3.1/../../../../arm-none-eabi/lib/thumb/v7e-m/fpv4-sp/softfp\libc.a(lib_a-mallocr.o)
                0x20000430                __malloc_av_
 .data.__malloc_sbrk_base
                0x20000838        0x4 c:/maxim/toolchain/bin/../lib/gcc/arm-none-eabi/6.3.1/../../../../arm-none-eabi/lib/thumb/v7e-m/fpv4-sp/softfp\libc.a(lib_a-mallocr.o)
                0x20000838                __malloc_sbrk_base
 .data.__malloc_trim_threshold
                0x2000083c        0x4 c:/maxim/toolchain/bin/../lib/gcc/arm-none-eabi/6.3.1/../../../../arm-none-eabi/lib/thumb/v7e-m/fpv4-sp/softfp\libc.a(lib_a-mallocr.o)
                0x2000083c                __malloc_trim_threshold
 .data.__atexit_recursive_mutex
                0x20000840        0x4 c:/maxim/toolchain/bin/../lib/gcc/arm-none-eabi/6.3.1/../../../../arm-none-eabi/lib/thumb/v7e-m/fpv4-sp/softfp\libc.a(lib_a-__call_atexit.o)
                0x20000840                __atexit_recursive_mutex
 .data.__global_locale
                0x20000844      0x16c c:/maxim/toolchain/bin/../lib/gcc/arm-none-eabi/6.3.1/../../../../arm-none-eabi/lib/thumb/v7e-m/fpv4-sp/softfp\libc.a(lib_a-locale.o)
                0x20000844                __global_locale
 *(.spix_config*)
                0x200009b0                . = ALIGN (0x4)
                0x200009b0                PROVIDE (__preinit_array_start, .)
 *(.preinit_array)
                0x200009b0                PROVIDE (__preinit_array_end, .)
                0x200009b0                . = ALIGN (0x4)
                0x200009b0                PROVIDE (__init_array_start, .)
 *(SORT(.init_array.*))
 .init_array.00000
                0x200009b0        0x4 c:/maxim/toolchain/bin/../lib/gcc/arm-none-eabi/6.3.1/../../../../arm-none-eabi/lib/thumb/v7e-m/fpv4-sp/softfp\libc.a(lib_a-__call_atexit.o)
 *(.init_array)
 .init_array    0x200009b4        0x4 c:/maxim/toolchain/bin/../lib/gcc/arm-none-eabi/6.3.1/thumb/v7e-m/fpv4-sp/softfp/crtbegin.o
                0x200009b8                PROVIDE (__init_array_end, .)
                0x200009b8                . = ALIGN (0x4)
                0x200009b8                PROVIDE (__fini_array_start, .)
 *(SORT(.fini_array.*))
 *(.fini_array)
 .fini_array    0x200009b8        0x4 c:/maxim/toolchain/bin/../lib/gcc/arm-none-eabi/6.3.1/thumb/v7e-m/fpv4-sp/softfp/crtbegin.o
                0x200009bc                PROVIDE (__fini_array_end, .)
                0x200009bc                _edata = ALIGN (., 0x4)
                0x00006e54                __load_data = LOADADDR (.data)

.jcr            0x200009bc        0x0 load address 0x00007810
 .jcr           0x200009bc        0x0 c:/maxim/toolchain/bin/../lib/gcc/arm-none-eabi/6.3.1/thumb/v7e-m/fpv4-sp/softfp/crtbegin.o

.igot.plt       0x200009bc        0x0 load address 0x00007810
 .igot.plt      0x200009bc        0x0 c:/maxim/toolchain/bin/../lib/gcc/arm-none-eabi/6.3.1/thumb/v7e-m/fpv4-sp/softfp/crtbegin.o

.bss            0x200009bc      0x29c load address 0x00007810
                0x200009bc                . = ALIGN (0x4)
                0x200009bc                _bss = .
 *(.bss*)
 .bss           0x200009bc       0x1c c:/maxim/toolchain/bin/../lib/gcc/arm-none-eabi/6.3.1/thumb/v7e-m/fpv4-sp/softfp/crtbegin.o
 .bss.heap_end  0x200009d8        0x4 c:/Users/Srushty00/feetwings/SPI_Loopback/build/heap.o
 .bss.callbacks
                0x200009dc       0xe0 c:/Users/Srushty00/feetwings/SPI_Loopback/build/PeriphDriver/PeriphDriver.a(gpio.o)
 .bss.cbparam   0x20000abc       0xe0 c:/Users/Srushty00/feetwings/SPI_Loopback/build/PeriphDriver/PeriphDriver.a(gpio.o)
 .bss.subsequent_call.7306
                0x20000b9c        0x4 c:/Users/Srushty00/feetwings/SPI_Loopback/build/PeriphDriver/PeriphDriver.a(mxc_sys.o)
 .bss.states    0x20000ba0       0x18 c:/Users/Srushty00/feetwings/SPI_Loopback/build/PeriphDriver/PeriphDriver.a(spim.o)
 .bss.rx_states
                0x20000bb8       0x10 c:/Users/Srushty00/feetwings/SPI_Loopback/build/PeriphDriver/PeriphDriver.a(uart.o)
 .bss.tx_states
                0x20000bc8       0x10 c:/Users/Srushty00/feetwings/SPI_Loopback/build/PeriphDriver/PeriphDriver.a(uart.o)
 .bss.__malloc_current_mallinfo
                0x20000bd8       0x28 c:/maxim/toolchain/bin/../lib/gcc/arm-none-eabi/6.3.1/../../../../arm-none-eabi/lib/thumb/v7e-m/fpv4-sp/softfp\libc.a(lib_a-mallocr.o)
                0x20000bd8                __malloc_current_mallinfo
 .bss.__malloc_max_sbrked_mem
                0x20000c00        0x4 c:/maxim/toolchain/bin/../lib/gcc/arm-none-eabi/6.3.1/../../../../arm-none-eabi/lib/thumb/v7e-m/fpv4-sp/softfp\libc.a(lib_a-mallocr.o)
                0x20000c00                __malloc_max_sbrked_mem
 .bss.__malloc_max_total_mem
                0x20000c04        0x4 c:/maxim/toolchain/bin/../lib/gcc/arm-none-eabi/6.3.1/../../../../arm-none-eabi/lib/thumb/v7e-m/fpv4-sp/softfp\libc.a(lib_a-mallocr.o)
                0x20000c04                __malloc_max_total_mem
 .bss.__malloc_top_pad
                0x20000c08        0x4 c:/maxim/toolchain/bin/../lib/gcc/arm-none-eabi/6.3.1/../../../../arm-none-eabi/lib/thumb/v7e-m/fpv4-sp/softfp\libc.a(lib_a-mallocr.o)
                0x20000c08                __malloc_top_pad
 *(COMMON)
 COMMON         0x20000c0c       0x20 c:/Users/Srushty00/feetwings/SPI_Loopback/build/main.o
                0x20000c0c                req
 COMMON         0x20000c2c        0x2 c:/Users/Srushty00/feetwings/SPI_Loopback/build/PeriphDriver/PeriphDriver.a(spim.o)
                0x20000c2c                header_save
 *fill*         0x20000c2e        0x2 
 COMMON         0x20000c30       0x21 c:/maxim/toolchain/bin/../lib/gcc/arm-none-eabi/6.3.1/../../../../arm-none-eabi/lib/thumb/v7e-m/fpv4-sp/softfp\libc.a(lib_a-lock.o)
                0x20000c30                __lock___atexit_recursive_mutex
                0x20000c34                __lock___arc4random_mutex
                0x20000c38                __lock___env_recursive_mutex
                0x20000c3c                __lock___sinit_recursive_mutex
                0x20000c40                __lock___malloc_recursive_mutex
                0x20000c44                __lock___at_quick_exit_mutex
                0x20000c48                __lock___dd_hash_mutex
                0x20000c4c                __lock___tz_mutex
                0x20000c50                __lock___sfp_recursive_mutex
 *fill*         0x20000c51        0x3 
 COMMON         0x20000c54        0x4 c:/maxim/toolchain/bin/../lib/gcc/arm-none-eabi/6.3.1/../../../../arm-none-eabi/lib/thumb/v7e-m/fpv4-sp/softfp\libc.a(lib_a-reent.o)
                0x20000c54                errno
                0x20000c58                _ebss = ALIGN (., 0x4)
                0x20040000                __StackTop = (ORIGIN (SRAM) + LENGTH (SRAM))
                0x2003f000                __StackLimit = (__StackTop - SIZEOF (.stack_dummy))

.stack_dummy    0x20000c58     0x1000 load address 0x00007810
 *(.stack*)
 .stack         0x20000c58     0x1000 c:/Users/Srushty00/feetwings/SPI_Loopback/build/startup_max32620.o

.heap           0x20000c58      0xc00 load address 0x00007810
                0x20000c58                . = ALIGN (0x4)
 *(.heap*)
 .heap          0x20000c58      0xc00 c:/Users/Srushty00/feetwings/SPI_Loopback/build/startup_max32620.o
                0x20000c58                __HeapBase
                0x2003f000                __HeapLimit = ABSOLUTE (__StackLimit)
                0x20040000                PROVIDE (__stack, __StackTop)
                0x00000001                ASSERT ((__StackLimit >= _ebss), region RAM overflowed with stack)
OUTPUT(c:/Users/Srushty00/feetwings/SPI_Loopback/build/SPI_Loopback.elf elf32-littlearm)

.ARM.attributes
                0x00000000       0x2e
 .ARM.attributes
                0x00000000       0x22 c:/maxim/toolchain/bin/../lib/gcc/arm-none-eabi/6.3.1/thumb/v7e-m/fpv4-sp/softfp/crti.o
 .ARM.attributes
                0x00000022       0x32 c:/maxim/toolchain/bin/../lib/gcc/arm-none-eabi/6.3.1/thumb/v7e-m/fpv4-sp/softfp/crtbegin.o
 .ARM.attributes
                0x00000054       0x37 c:/Users/Srushty00/feetwings/SPI_Loopback/build/main.o
 .ARM.attributes
                0x0000008b       0x37 c:/Users/Srushty00/feetwings/SPI_Loopback/build/board.o
 .ARM.attributes
                0x000000c2       0x37 c:/Users/Srushty00/feetwings/SPI_Loopback/build/stdio.o
 .ARM.attributes
                0x000000f9       0x37 c:/Users/Srushty00/feetwings/SPI_Loopback/build/led.o
 .ARM.attributes
                0x00000130       0x37 c:/Users/Srushty00/feetwings/SPI_Loopback/build/pb.o
 .ARM.attributes
                0x00000167       0x1b c:/Users/Srushty00/feetwings/SPI_Loopback/build/startup_max32620.o
 .ARM.attributes
                0x00000182       0x37 c:/Users/Srushty00/feetwings/SPI_Loopback/build/heap.o
 .ARM.attributes
                0x000001b9       0x37 c:/Users/Srushty00/feetwings/SPI_Loopback/build/system_max32620.o
 .ARM.attributes
                0x000001f0       0x37 c:/Users/Srushty00/feetwings/SPI_Loopback/build/PeriphDriver/PeriphDriver.a(gpio.o)
 .ARM.attributes
                0x00000227       0x37 c:/Users/Srushty00/feetwings/SPI_Loopback/build/PeriphDriver/PeriphDriver.a(mxc_sys.o)
 .ARM.attributes
                0x0000025e       0x37 c:/Users/Srushty00/feetwings/SPI_Loopback/build/PeriphDriver/PeriphDriver.a(spim.o)
 .ARM.attributes
                0x00000295       0x37 c:/Users/Srushty00/feetwings/SPI_Loopback/build/PeriphDriver/PeriphDriver.a(uart.o)
 .ARM.attributes
                0x000002cc       0x37 c:/Users/Srushty00/feetwings/SPI_Loopback/build/PeriphDriver/PeriphDriver.a(clkman.o)
 .ARM.attributes
                0x00000303       0x37 c:/Users/Srushty00/feetwings/SPI_Loopback/build/PeriphDriver/PeriphDriver.a(ioman.o)
 .ARM.attributes
                0x0000033a       0x37 c:/Users/Srushty00/feetwings/SPI_Loopback/build/PeriphDriver/PeriphDriver.a(mxc_lock.o)
 .ARM.attributes
                0x00000371       0x32 c:/maxim/toolchain/bin/../lib/gcc/arm-none-eabi/6.3.1/../../../../arm-none-eabi/lib/thumb/v7e-m/fpv4-sp/softfp\libc.a(lib_a-errno.o)
 .ARM.attributes
                0x000003a3       0x32 c:/maxim/toolchain/bin/../lib/gcc/arm-none-eabi/6.3.1/../../../../arm-none-eabi/lib/thumb/v7e-m/fpv4-sp/softfp\libc.a(lib_a-fflush.o)
 .ARM.attributes
                0x000003d5       0x32 c:/maxim/toolchain/bin/../lib/gcc/arm-none-eabi/6.3.1/../../../../arm-none-eabi/lib/thumb/v7e-m/fpv4-sp/softfp\libc.a(lib_a-findfp.o)
 .ARM.attributes
                0x00000407       0x32 c:/maxim/toolchain/bin/../lib/gcc/arm-none-eabi/6.3.1/../../../../arm-none-eabi/lib/thumb/v7e-m/fpv4-sp/softfp\libc.a(lib_a-freer.o)
 .ARM.attributes
                0x00000439       0x32 c:/maxim/toolchain/bin/../lib/gcc/arm-none-eabi/6.3.1/../../../../arm-none-eabi/lib/thumb/v7e-m/fpv4-sp/softfp\libc.a(lib_a-fwalk.o)
 .ARM.attributes
                0x0000046b       0x32 c:/maxim/toolchain/bin/../lib/gcc/arm-none-eabi/6.3.1/../../../../arm-none-eabi/lib/thumb/v7e-m/fpv4-sp/softfp\libc.a(lib_a-impure.o)
 .ARM.attributes
                0x0000049d       0x32 c:/maxim/toolchain/bin/../lib/gcc/arm-none-eabi/6.3.1/../../../../arm-none-eabi/lib/thumb/v7e-m/fpv4-sp/softfp\libc.a(lib_a-init.o)
 .ARM.attributes
                0x000004cf       0x32 c:/maxim/toolchain/bin/../lib/gcc/arm-none-eabi/6.3.1/../../../../arm-none-eabi/lib/thumb/v7e-m/fpv4-sp/softfp\libc.a(lib_a-lock.o)
 .ARM.attributes
                0x00000501       0x32 c:/maxim/toolchain/bin/../lib/gcc/arm-none-eabi/6.3.1/../../../../arm-none-eabi/lib/thumb/v7e-m/fpv4-sp/softfp\libc.a(lib_a-mallocr.o)
 .ARM.attributes
                0x00000533       0x20 c:/maxim/toolchain/bin/../lib/gcc/arm-none-eabi/6.3.1/../../../../arm-none-eabi/lib/thumb/v7e-m/fpv4-sp/softfp\libc.a(lib_a-memcpy.o)
 .ARM.attributes
                0x00000553       0x32 c:/maxim/toolchain/bin/../lib/gcc/arm-none-eabi/6.3.1/../../../../arm-none-eabi/lib/thumb/v7e-m/fpv4-sp/softfp\libc.a(lib_a-memset.o)
 .ARM.attributes
                0x00000585       0x32 c:/maxim/toolchain/bin/../lib/gcc/arm-none-eabi/6.3.1/../../../../arm-none-eabi/lib/thumb/v7e-m/fpv4-sp/softfp\libc.a(lib_a-mlock.o)
 .ARM.attributes
                0x000005b7       0x32 c:/maxim/toolchain/bin/../lib/gcc/arm-none-eabi/6.3.1/../../../../arm-none-eabi/lib/thumb/v7e-m/fpv4-sp/softfp\libc.a(lib_a-printf.o)
 .ARM.attributes
                0x000005e9       0x32 c:/maxim/toolchain/bin/../lib/gcc/arm-none-eabi/6.3.1/../../../../arm-none-eabi/lib/thumb/v7e-m/fpv4-sp/softfp\libc.a(lib_a-puts.o)
 .ARM.attributes
                0x0000061b       0x32 c:/maxim/toolchain/bin/../lib/gcc/arm-none-eabi/6.3.1/../../../../arm-none-eabi/lib/thumb/v7e-m/fpv4-sp/softfp\libc.a(lib_a-sbrkr.o)
 .ARM.attributes
                0x0000064d       0x32 c:/maxim/toolchain/bin/../lib/gcc/arm-none-eabi/6.3.1/../../../../arm-none-eabi/lib/thumb/v7e-m/fpv4-sp/softfp\libc.a(lib_a-stdio.o)
 .ARM.attributes
                0x0000067f       0x20 c:/maxim/toolchain/bin/../lib/gcc/arm-none-eabi/6.3.1/../../../../arm-none-eabi/lib/thumb/v7e-m/fpv4-sp/softfp\libc.a(lib_a-strlen.o)
 .ARM.attributes
                0x0000069f       0x32 c:/maxim/toolchain/bin/../lib/gcc/arm-none-eabi/6.3.1/../../../../arm-none-eabi/lib/thumb/v7e-m/fpv4-sp/softfp\libc.a(lib_a-vfprintf.o)
 .ARM.attributes
                0x000006d1       0x32 c:/maxim/toolchain/bin/../lib/gcc/arm-none-eabi/6.3.1/../../../../arm-none-eabi/lib/thumb/v7e-m/fpv4-sp/softfp\libc.a(lib_a-writer.o)
 .ARM.attributes
                0x00000703       0x32 c:/maxim/toolchain/bin/../lib/gcc/arm-none-eabi/6.3.1/../../../../arm-none-eabi/lib/thumb/v7e-m/fpv4-sp/softfp\libc.a(lib_a-wsetup.o)
 .ARM.attributes
                0x00000735       0x32 c:/maxim/toolchain/bin/../lib/gcc/arm-none-eabi/6.3.1/../../../../arm-none-eabi/lib/thumb/v7e-m/fpv4-sp/softfp\libc.a(lib_a-__call_atexit.o)
 .ARM.attributes
                0x00000767       0x32 c:/maxim/toolchain/bin/../lib/gcc/arm-none-eabi/6.3.1/../../../../arm-none-eabi/lib/thumb/v7e-m/fpv4-sp/softfp\libc.a(lib_a-atexit.o)
 .ARM.attributes
                0x00000799       0x32 c:/maxim/toolchain/bin/../lib/gcc/arm-none-eabi/6.3.1/../../../../arm-none-eabi/lib/thumb/v7e-m/fpv4-sp/softfp\libc.a(lib_a-closer.o)
 .ARM.attributes
                0x000007cb       0x32 c:/maxim/toolchain/bin/../lib/gcc/arm-none-eabi/6.3.1/../../../../arm-none-eabi/lib/thumb/v7e-m/fpv4-sp/softfp\libc.a(lib_a-dtoa.o)
 .ARM.attributes
                0x000007fd       0x32 c:/maxim/toolchain/bin/../lib/gcc/arm-none-eabi/6.3.1/../../../../arm-none-eabi/lib/thumb/v7e-m/fpv4-sp/softfp\libc.a(lib_a-fclose.o)
 .ARM.attributes
                0x0000082f       0x32 c:/maxim/toolchain/bin/../lib/gcc/arm-none-eabi/6.3.1/../../../../arm-none-eabi/lib/thumb/v7e-m/fpv4-sp/softfp\libc.a(lib_a-fini.o)
 .ARM.attributes
                0x00000861       0x32 c:/maxim/toolchain/bin/../lib/gcc/arm-none-eabi/6.3.1/../../../../arm-none-eabi/lib/thumb/v7e-m/fpv4-sp/softfp\libc.a(lib_a-fvwrite.o)
 .ARM.attributes
                0x00000893       0x32 c:/maxim/toolchain/bin/../lib/gcc/arm-none-eabi/6.3.1/../../../../arm-none-eabi/lib/thumb/v7e-m/fpv4-sp/softfp\libc.a(lib_a-localeconv.o)
 .ARM.attributes
                0x000008c5       0x32 c:/maxim/toolchain/bin/../lib/gcc/arm-none-eabi/6.3.1/../../../../arm-none-eabi/lib/thumb/v7e-m/fpv4-sp/softfp\libc.a(lib_a-lseekr.o)
 .ARM.attributes
                0x000008f7       0x32 c:/maxim/toolchain/bin/../lib/gcc/arm-none-eabi/6.3.1/../../../../arm-none-eabi/lib/thumb/v7e-m/fpv4-sp/softfp\libc.a(lib_a-makebuf.o)
 .ARM.attributes
                0x00000929       0x20 c:/maxim/toolchain/bin/../lib/gcc/arm-none-eabi/6.3.1/../../../../arm-none-eabi/lib/thumb/v7e-m/fpv4-sp/softfp\libc.a(lib_a-memchr.o)
 .ARM.attributes
                0x00000949       0x32 c:/maxim/toolchain/bin/../lib/gcc/arm-none-eabi/6.3.1/../../../../arm-none-eabi/lib/thumb/v7e-m/fpv4-sp/softfp\libc.a(lib_a-memmove.o)
 .ARM.attributes
                0x0000097b       0x32 c:/maxim/toolchain/bin/../lib/gcc/arm-none-eabi/6.3.1/../../../../arm-none-eabi/lib/thumb/v7e-m/fpv4-sp/softfp\libc.a(lib_a-mprec.o)
 .ARM.attributes
                0x000009ad       0x32 c:/maxim/toolchain/bin/../lib/gcc/arm-none-eabi/6.3.1/../../../../arm-none-eabi/lib/thumb/v7e-m/fpv4-sp/softfp\libc.a(lib_a-readr.o)
 .ARM.attributes
                0x000009df       0x32 c:/maxim/toolchain/bin/../lib/gcc/arm-none-eabi/6.3.1/../../../../arm-none-eabi/lib/thumb/v7e-m/fpv4-sp/softfp\libc.a(lib_a-reallocr.o)
 .ARM.attributes
                0x00000a11       0x32 c:/maxim/toolchain/bin/../lib/gcc/arm-none-eabi/6.3.1/../../../../arm-none-eabi/lib/thumb/v7e-m/fpv4-sp/softfp\libc.a(lib_a-reent.o)
 .ARM.attributes
                0x00000a43       0x32 c:/maxim/toolchain/bin/../lib/gcc/arm-none-eabi/6.3.1/../../../../arm-none-eabi/lib/thumb/v7e-m/fpv4-sp/softfp\libc.a(lib_a-vfiprintf.o)
 .ARM.attributes
                0x00000a75       0x32 c:/maxim/toolchain/bin/../lib/gcc/arm-none-eabi/6.3.1/../../../../arm-none-eabi/lib/thumb/v7e-m/fpv4-sp/softfp\libc.a(lib_a-__atexit.o)
 .ARM.attributes
                0x00000aa7       0x32 c:/maxim/toolchain/bin/../lib/gcc/arm-none-eabi/6.3.1/../../../../arm-none-eabi/lib/thumb/v7e-m/fpv4-sp/softfp\libc.a(lib_a-callocr.o)
 .ARM.attributes
                0x00000ad9       0x32 c:/maxim/toolchain/bin/../lib/gcc/arm-none-eabi/6.3.1/../../../../arm-none-eabi/lib/thumb/v7e-m/fpv4-sp/softfp\libc.a(lib_a-fputwc.o)
 .ARM.attributes
                0x00000b0b       0x32 c:/maxim/toolchain/bin/../lib/gcc/arm-none-eabi/6.3.1/../../../../arm-none-eabi/lib/thumb/v7e-m/fpv4-sp/softfp\libc.a(lib_a-fstatr.o)
 .ARM.attributes
                0x00000b3d       0x32 c:/maxim/toolchain/bin/../lib/gcc/arm-none-eabi/6.3.1/../../../../arm-none-eabi/lib/thumb/v7e-m/fpv4-sp/softfp\libc.a(lib_a-isattyr.o)
 .ARM.attributes
                0x00000b6f       0x32 c:/maxim/toolchain/bin/../lib/gcc/arm-none-eabi/6.3.1/../../../../arm-none-eabi/lib/thumb/v7e-m/fpv4-sp/softfp\libc.a(lib_a-locale.o)
 .ARM.attributes
                0x00000ba1       0x32 c:/maxim/toolchain/bin/../lib/gcc/arm-none-eabi/6.3.1/../../../../arm-none-eabi/lib/thumb/v7e-m/fpv4-sp/softfp\libc.a(lib_a-mbtowc_r.o)
 .ARM.attributes
                0x00000bd3       0x32 c:/maxim/toolchain/bin/../lib/gcc/arm-none-eabi/6.3.1/../../../../arm-none-eabi/lib/thumb/v7e-m/fpv4-sp/softfp\libc.a(lib_a-wbuf.o)
 .ARM.attributes
                0x00000c05       0x32 c:/maxim/toolchain/bin/../lib/gcc/arm-none-eabi/6.3.1/../../../../arm-none-eabi/lib/thumb/v7e-m/fpv4-sp/softfp\libc.a(lib_a-wcrtomb.o)
 .ARM.attributes
                0x00000c37       0x32 c:/maxim/toolchain/bin/../lib/gcc/arm-none-eabi/6.3.1/../../../../arm-none-eabi/lib/thumb/v7e-m/fpv4-sp/softfp\libc.a(lib_a-wctomb_r.o)
 .ARM.attributes
                0x00000c69       0x32 c:/maxim/toolchain/bin/../lib/gcc/arm-none-eabi/6.3.1/../../../../arm-none-eabi/lib/thumb/v7e-m/fpv4-sp/softfp\libc.a(lib_a-ctype_.o)
 .ARM.attributes
                0x00000c9b       0x22 c:/maxim/toolchain/bin/../lib/gcc/arm-none-eabi/6.3.1/thumb/v7e-m/fpv4-sp/softfp\libgcc.a(_arm_addsubdf3.o)
 .ARM.attributes
                0x00000cbd       0x22 c:/maxim/toolchain/bin/../lib/gcc/arm-none-eabi/6.3.1/thumb/v7e-m/fpv4-sp/softfp\libgcc.a(_arm_muldivdf3.o)
 .ARM.attributes
                0x00000cdf       0x22 c:/maxim/toolchain/bin/../lib/gcc/arm-none-eabi/6.3.1/thumb/v7e-m/fpv4-sp/softfp\libgcc.a(_arm_cmpdf2.o)
 .ARM.attributes
                0x00000d01       0x22 c:/maxim/toolchain/bin/../lib/gcc/arm-none-eabi/6.3.1/thumb/v7e-m/fpv4-sp/softfp\libgcc.a(_arm_unorddf2.o)
 .ARM.attributes
                0x00000d23       0x22 c:/maxim/toolchain/bin/../lib/gcc/arm-none-eabi/6.3.1/thumb/v7e-m/fpv4-sp/softfp\libgcc.a(_arm_fixdfsi.o)
 .ARM.attributes
                0x00000d45       0x22 c:/maxim/toolchain/bin/../lib/gcc/arm-none-eabi/6.3.1/thumb/v7e-m/fpv4-sp/softfp\libgcc.a(_aeabi_uldivmod.o)
 .ARM.attributes
                0x00000d67       0x32 c:/maxim/toolchain/bin/../lib/gcc/arm-none-eabi/6.3.1/thumb/v7e-m/fpv4-sp/softfp\libgcc.a(_udivmoddi4.o)
 .ARM.attributes
                0x00000d99       0x22 c:/maxim/toolchain/bin/../lib/gcc/arm-none-eabi/6.3.1/thumb/v7e-m/fpv4-sp/softfp\libgcc.a(_dvmd_tls.o)
 .ARM.attributes
                0x00000dbb       0x32 c:/maxim/toolchain/bin/../lib/gcc/arm-none-eabi/6.3.1/thumb/v7e-m/fpv4-sp/softfp/crtend.o
 .ARM.attributes
                0x00000ded       0x22 c:/maxim/toolchain/bin/../lib/gcc/arm-none-eabi/6.3.1/thumb/v7e-m/fpv4-sp/softfp/crtn.o

.comment        0x00000000       0x7f
 .comment       0x00000000       0x7f c:/Users/Srushty00/feetwings/SPI_Loopback/build/main.o
                                 0x80 (size before relaxing)
 .comment       0x0000007f       0x80 c:/Users/Srushty00/feetwings/SPI_Loopback/build/board.o
 .comment       0x0000007f       0x80 c:/Users/Srushty00/feetwings/SPI_Loopback/build/stdio.o
 .comment       0x0000007f       0x80 c:/Users/Srushty00/feetwings/SPI_Loopback/build/led.o
 .comment       0x0000007f       0x80 c:/Users/Srushty00/feetwings/SPI_Loopback/build/pb.o
 .comment       0x0000007f       0x80 c:/Users/Srushty00/feetwings/SPI_Loopback/build/heap.o
 .comment       0x0000007f       0x80 c:/Users/Srushty00/feetwings/SPI_Loopback/build/system_max32620.o
 .comment       0x0000007f       0x80 c:/Users/Srushty00/feetwings/SPI_Loopback/build/PeriphDriver/PeriphDriver.a(gpio.o)
 .comment       0x0000007f       0x80 c:/Users/Srushty00/feetwings/SPI_Loopback/build/PeriphDriver/PeriphDriver.a(mxc_sys.o)
 .comment       0x0000007f       0x80 c:/Users/Srushty00/feetwings/SPI_Loopback/build/PeriphDriver/PeriphDriver.a(spim.o)
 .comment       0x0000007f       0x80 c:/Users/Srushty00/feetwings/SPI_Loopback/build/PeriphDriver/PeriphDriver.a(uart.o)
 .comment       0x0000007f       0x80 c:/Users/Srushty00/feetwings/SPI_Loopback/build/PeriphDriver/PeriphDriver.a(clkman.o)
 .comment       0x0000007f       0x80 c:/Users/Srushty00/feetwings/SPI_Loopback/build/PeriphDriver/PeriphDriver.a(ioman.o)
 .comment       0x0000007f       0x80 c:/Users/Srushty00/feetwings/SPI_Loopback/build/PeriphDriver/PeriphDriver.a(mxc_lock.o)

.debug_info     0x00000000     0xe7c6
 .debug_info    0x00000000     0x1470 c:/Users/Srushty00/feetwings/SPI_Loopback/build/main.o
 .debug_info    0x00001470     0x1679 c:/Users/Srushty00/feetwings/SPI_Loopback/build/board.o
 .debug_info    0x00002ae9     0x165b c:/Users/Srushty00/feetwings/SPI_Loopback/build/stdio.o
 .debug_info    0x00004144      0x997 c:/Users/Srushty00/feetwings/SPI_Loopback/build/led.o
 .debug_info    0x00004adb      0x888 c:/Users/Srushty00/feetwings/SPI_Loopback/build/pb.o
 .debug_info    0x00005363      0x98d c:/Users/Srushty00/feetwings/SPI_Loopback/build/heap.o
 .debug_info    0x00005cf0     0x158e c:/Users/Srushty00/feetwings/SPI_Loopback/build/system_max32620.o
 .debug_info    0x0000727e      0x620 c:/Users/Srushty00/feetwings/SPI_Loopback/build/PeriphDriver/PeriphDriver.a(gpio.o)
 .debug_info    0x0000789e     0x29ac c:/Users/Srushty00/feetwings/SPI_Loopback/build/PeriphDriver/PeriphDriver.a(mxc_sys.o)
 .debug_info    0x0000a24a     0x17fc c:/Users/Srushty00/feetwings/SPI_Loopback/build/PeriphDriver/PeriphDriver.a(spim.o)
 .debug_info    0x0000ba46     0x1af7 c:/Users/Srushty00/feetwings/SPI_Loopback/build/PeriphDriver/PeriphDriver.a(uart.o)
 .debug_info    0x0000d53d      0x781 c:/Users/Srushty00/feetwings/SPI_Loopback/build/PeriphDriver/PeriphDriver.a(clkman.o)
 .debug_info    0x0000dcbe      0x8f7 c:/Users/Srushty00/feetwings/SPI_Loopback/build/PeriphDriver/PeriphDriver.a(ioman.o)
 .debug_info    0x0000e5b5      0x211 c:/Users/Srushty00/feetwings/SPI_Loopback/build/PeriphDriver/PeriphDriver.a(mxc_lock.o)

.debug_abbrev   0x00000000     0x22e6
 .debug_abbrev  0x00000000      0x2c2 c:/Users/Srushty00/feetwings/SPI_Loopback/build/main.o
 .debug_abbrev  0x000002c2      0x2ac c:/Users/Srushty00/feetwings/SPI_Loopback/build/board.o
 .debug_abbrev  0x0000056e      0x2ee c:/Users/Srushty00/feetwings/SPI_Loopback/build/stdio.o
 .debug_abbrev  0x0000085c      0x20f c:/Users/Srushty00/feetwings/SPI_Loopback/build/led.o
 .debug_abbrev  0x00000a6b      0x277 c:/Users/Srushty00/feetwings/SPI_Loopback/build/pb.o
 .debug_abbrev  0x00000ce2      0x1fa c:/Users/Srushty00/feetwings/SPI_Loopback/build/heap.o
 .debug_abbrev  0x00000edc      0x2b3 c:/Users/Srushty00/feetwings/SPI_Loopback/build/system_max32620.o
 .debug_abbrev  0x0000118f      0x224 c:/Users/Srushty00/feetwings/SPI_Loopback/build/PeriphDriver/PeriphDriver.a(gpio.o)
 .debug_abbrev  0x000013b3      0x3aa c:/Users/Srushty00/feetwings/SPI_Loopback/build/PeriphDriver/PeriphDriver.a(mxc_sys.o)
 .debug_abbrev  0x0000175d      0x3bd c:/Users/Srushty00/feetwings/SPI_Loopback/build/PeriphDriver/PeriphDriver.a(spim.o)
 .debug_abbrev  0x00001b1a      0x39c c:/Users/Srushty00/feetwings/SPI_Loopback/build/PeriphDriver/PeriphDriver.a(uart.o)
 .debug_abbrev  0x00001eb6      0x199 c:/Users/Srushty00/feetwings/SPI_Loopback/build/PeriphDriver/PeriphDriver.a(clkman.o)
 .debug_abbrev  0x0000204f      0x162 c:/Users/Srushty00/feetwings/SPI_Loopback/build/PeriphDriver/PeriphDriver.a(ioman.o)
 .debug_abbrev  0x000021b1      0x135 c:/Users/Srushty00/feetwings/SPI_Loopback/build/PeriphDriver/PeriphDriver.a(mxc_lock.o)

.debug_loc      0x00000000     0x35dd
 .debug_loc     0x00000000       0x53 c:/Users/Srushty00/feetwings/SPI_Loopback/build/main.o
 .debug_loc     0x00000053       0xd6 c:/Users/Srushty00/feetwings/SPI_Loopback/build/board.o
 .debug_loc     0x00000129      0x276 c:/Users/Srushty00/feetwings/SPI_Loopback/build/stdio.o
 .debug_loc     0x0000039f       0x72 c:/Users/Srushty00/feetwings/SPI_Loopback/build/led.o
 .debug_loc     0x00000411       0xf6 c:/Users/Srushty00/feetwings/SPI_Loopback/build/pb.o
 .debug_loc     0x00000507       0x63 c:/Users/Srushty00/feetwings/SPI_Loopback/build/heap.o
 .debug_loc     0x0000056a       0x22 c:/Users/Srushty00/feetwings/SPI_Loopback/build/system_max32620.o
 .debug_loc     0x0000058c      0x452 c:/Users/Srushty00/feetwings/SPI_Loopback/build/PeriphDriver/PeriphDriver.a(gpio.o)
 .debug_loc     0x000009de     0x10af c:/Users/Srushty00/feetwings/SPI_Loopback/build/PeriphDriver/PeriphDriver.a(mxc_sys.o)
 .debug_loc     0x00001a8d      0xc36 c:/Users/Srushty00/feetwings/SPI_Loopback/build/PeriphDriver/PeriphDriver.a(spim.o)
 .debug_loc     0x000026c3      0xc35 c:/Users/Srushty00/feetwings/SPI_Loopback/build/PeriphDriver/PeriphDriver.a(uart.o)
 .debug_loc     0x000032f8      0x1fe c:/Users/Srushty00/feetwings/SPI_Loopback/build/PeriphDriver/PeriphDriver.a(clkman.o)
 .debug_loc     0x000034f6       0x74 c:/Users/Srushty00/feetwings/SPI_Loopback/build/PeriphDriver/PeriphDriver.a(ioman.o)
 .debug_loc     0x0000356a       0x73 c:/Users/Srushty00/feetwings/SPI_Loopback/build/PeriphDriver/PeriphDriver.a(mxc_lock.o)

.debug_aranges  0x00000000      0x4e0
 .debug_aranges
                0x00000000       0x20 c:/Users/Srushty00/feetwings/SPI_Loopback/build/main.o
 .debug_aranges
                0x00000020       0x38 c:/Users/Srushty00/feetwings/SPI_Loopback/build/board.o
 .debug_aranges
                0x00000058       0x60 c:/Users/Srushty00/feetwings/SPI_Loopback/build/stdio.o
 .debug_aranges
                0x000000b8       0x20 c:/Users/Srushty00/feetwings/SPI_Loopback/build/led.o
 .debug_aranges
                0x000000d8       0x70 c:/Users/Srushty00/feetwings/SPI_Loopback/build/pb.o
 .debug_aranges
                0x00000148       0x20 c:/Users/Srushty00/feetwings/SPI_Loopback/build/heap.o
 .debug_aranges
                0x00000168       0x48 c:/Users/Srushty00/feetwings/SPI_Loopback/build/system_max32620.o
 .debug_aranges
                0x000001b0       0x48 c:/Users/Srushty00/feetwings/SPI_Loopback/build/PeriphDriver/PeriphDriver.a(gpio.o)
 .debug_aranges
                0x000001f8      0x170 c:/Users/Srushty00/feetwings/SPI_Loopback/build/PeriphDriver/PeriphDriver.a(mxc_sys.o)
 .debug_aranges
                0x00000368       0x70 c:/Users/Srushty00/feetwings/SPI_Loopback/build/PeriphDriver/PeriphDriver.a(spim.o)
 .debug_aranges
                0x000003d8       0x78 c:/Users/Srushty00/feetwings/SPI_Loopback/build/PeriphDriver/PeriphDriver.a(uart.o)
 .debug_aranges
                0x00000450       0x48 c:/Users/Srushty00/feetwings/SPI_Loopback/build/PeriphDriver/PeriphDriver.a(clkman.o)
 .debug_aranges
                0x00000498       0x20 c:/Users/Srushty00/feetwings/SPI_Loopback/build/PeriphDriver/PeriphDriver.a(ioman.o)
 .debug_aranges
                0x000004b8       0x28 c:/Users/Srushty00/feetwings/SPI_Loopback/build/PeriphDriver/PeriphDriver.a(mxc_lock.o)

.debug_ranges   0x00000000      0x448
 .debug_ranges  0x00000000       0x10 c:/Users/Srushty00/feetwings/SPI_Loopback/build/main.o
 .debug_ranges  0x00000010       0x28 c:/Users/Srushty00/feetwings/SPI_Loopback/build/board.o
 .debug_ranges  0x00000038       0x50 c:/Users/Srushty00/feetwings/SPI_Loopback/build/stdio.o
 .debug_ranges  0x00000088       0x28 c:/Users/Srushty00/feetwings/SPI_Loopback/build/led.o
 .debug_ranges  0x000000b0       0x60 c:/Users/Srushty00/feetwings/SPI_Loopback/build/pb.o
 .debug_ranges  0x00000110       0x10 c:/Users/Srushty00/feetwings/SPI_Loopback/build/heap.o
 .debug_ranges  0x00000120       0x38 c:/Users/Srushty00/feetwings/SPI_Loopback/build/system_max32620.o
 .debug_ranges  0x00000158       0x38 c:/Users/Srushty00/feetwings/SPI_Loopback/build/PeriphDriver/PeriphDriver.a(gpio.o)
 .debug_ranges  0x00000190      0x178 c:/Users/Srushty00/feetwings/SPI_Loopback/build/PeriphDriver/PeriphDriver.a(mxc_sys.o)
 .debug_ranges  0x00000308       0x78 c:/Users/Srushty00/feetwings/SPI_Loopback/build/PeriphDriver/PeriphDriver.a(spim.o)
 .debug_ranges  0x00000380       0x68 c:/Users/Srushty00/feetwings/SPI_Loopback/build/PeriphDriver/PeriphDriver.a(uart.o)
 .debug_ranges  0x000003e8       0x38 c:/Users/Srushty00/feetwings/SPI_Loopback/build/PeriphDriver/PeriphDriver.a(clkman.o)
 .debug_ranges  0x00000420       0x10 c:/Users/Srushty00/feetwings/SPI_Loopback/build/PeriphDriver/PeriphDriver.a(ioman.o)
 .debug_ranges  0x00000430       0x18 c:/Users/Srushty00/feetwings/SPI_Loopback/build/PeriphDriver/PeriphDriver.a(mxc_lock.o)

.debug_macro    0x00000000     0xca1f
 .debug_macro   0x00000000      0x30f c:/Users/Srushty00/feetwings/SPI_Loopback/build/main.o
 .debug_macro   0x0000030f      0x8bc c:/Users/Srushty00/feetwings/SPI_Loopback/build/main.o
 .debug_macro   0x00000bcb       0x22 c:/Users/Srushty00/feetwings/SPI_Loopback/build/main.o
 .debug_macro   0x00000bed       0x52 c:/Users/Srushty00/feetwings/SPI_Loopback/build/main.o
 .debug_macro   0x00000c3f       0x8d c:/Users/Srushty00/feetwings/SPI_Loopback/build/main.o
 .debug_macro   0x00000ccc       0x35 c:/Users/Srushty00/feetwings/SPI_Loopback/build/main.o
 .debug_macro   0x00000d01       0x9c c:/Users/Srushty00/feetwings/SPI_Loopback/build/main.o
 .debug_macro   0x00000d9d       0x16 c:/Users/Srushty00/feetwings/SPI_Loopback/build/main.o
 .debug_macro   0x00000db3       0x57 c:/Users/Srushty00/feetwings/SPI_Loopback/build/main.o
 .debug_macro   0x00000e0a       0x97 c:/Users/Srushty00/feetwings/SPI_Loopback/build/main.o
 .debug_macro   0x00000ea1      0x30d c:/Users/Srushty00/feetwings/SPI_Loopback/build/main.o
 .debug_macro   0x000011ae       0xfd c:/Users/Srushty00/feetwings/SPI_Loopback/build/main.o
 .debug_macro   0x000012ab       0x10 c:/Users/Srushty00/feetwings/SPI_Loopback/build/main.o
 .debug_macro   0x000012bb       0x58 c:/Users/Srushty00/feetwings/SPI_Loopback/build/main.o
 .debug_macro   0x00001313       0x1f c:/Users/Srushty00/feetwings/SPI_Loopback/build/main.o
 .debug_macro   0x00001332       0x43 c:/Users/Srushty00/feetwings/SPI_Loopback/build/main.o
 .debug_macro   0x00001375       0x20 c:/Users/Srushty00/feetwings/SPI_Loopback/build/main.o
 .debug_macro   0x00001395      0x187 c:/Users/Srushty00/feetwings/SPI_Loopback/build/main.o
 .debug_macro   0x0000151c       0x10 c:/Users/Srushty00/feetwings/SPI_Loopback/build/main.o
 .debug_macro   0x0000152c       0x6a c:/Users/Srushty00/feetwings/SPI_Loopback/build/main.o
 .debug_macro   0x00001596       0x1c c:/Users/Srushty00/feetwings/SPI_Loopback/build/main.o
 .debug_macro   0x000015b2       0x52 c:/Users/Srushty00/feetwings/SPI_Loopback/build/main.o
 .debug_macro   0x00001604       0x40 c:/Users/Srushty00/feetwings/SPI_Loopback/build/main.o
 .debug_macro   0x00001644       0x10 c:/Users/Srushty00/feetwings/SPI_Loopback/build/main.o
 .debug_macro   0x00001654       0x40 c:/Users/Srushty00/feetwings/SPI_Loopback/build/main.o
 .debug_macro   0x00001694       0xd7 c:/Users/Srushty00/feetwings/SPI_Loopback/build/main.o
 .debug_macro   0x0000176b       0x16 c:/Users/Srushty00/feetwings/SPI_Loopback/build/main.o
 .debug_macro   0x00001781      0x18b c:/Users/Srushty00/feetwings/SPI_Loopback/build/main.o
 .debug_macro   0x0000190c       0xef c:/Users/Srushty00/feetwings/SPI_Loopback/build/main.o
 .debug_macro   0x000019fb      0x1df c:/Users/Srushty00/feetwings/SPI_Loopback/build/main.o
 .debug_macro   0x00001bda       0x16 c:/Users/Srushty00/feetwings/SPI_Loopback/build/main.o
 .debug_macro   0x00001bf0       0x35 c:/Users/Srushty00/feetwings/SPI_Loopback/build/main.o
 .debug_macro   0x00001c25       0x46 c:/Users/Srushty00/feetwings/SPI_Loopback/build/main.o
 .debug_macro   0x00001c6b       0x3b c:/Users/Srushty00/feetwings/SPI_Loopback/build/main.o
 .debug_macro   0x00001ca6       0x2d c:/Users/Srushty00/feetwings/SPI_Loopback/build/main.o
 .debug_macro   0x00001cd3       0x42 c:/Users/Srushty00/feetwings/SPI_Loopback/build/main.o
 .debug_macro   0x00001d15      0xc13 c:/Users/Srushty00/feetwings/SPI_Loopback/build/main.o
 .debug_macro   0x00002928       0x10 c:/Users/Srushty00/feetwings/SPI_Loopback/build/main.o
 .debug_macro   0x00002938      0x7a5 c:/Users/Srushty00/feetwings/SPI_Loopback/build/main.o
 .debug_macro   0x000030dd       0x9a c:/Users/Srushty00/feetwings/SPI_Loopback/build/main.o
 .debug_macro   0x00003177       0x7c c:/Users/Srushty00/feetwings/SPI_Loopback/build/main.o
 .debug_macro   0x000031f3      0x79b c:/Users/Srushty00/feetwings/SPI_Loopback/build/main.o
 .debug_macro   0x0000398e      0xb01 c:/Users/Srushty00/feetwings/SPI_Loopback/build/main.o
 .debug_macro   0x0000448f       0x51 c:/Users/Srushty00/feetwings/SPI_Loopback/build/main.o
 .debug_macro   0x000044e0      0x989 c:/Users/Srushty00/feetwings/SPI_Loopback/build/main.o
 .debug_macro   0x00004e69       0x94 c:/Users/Srushty00/feetwings/SPI_Loopback/build/main.o
 .debug_macro   0x00004efd      0x292 c:/Users/Srushty00/feetwings/SPI_Loopback/build/main.o
 .debug_macro   0x0000518f      0x3ea c:/Users/Srushty00/feetwings/SPI_Loopback/build/main.o
 .debug_macro   0x00005579      0x238 c:/Users/Srushty00/feetwings/SPI_Loopback/build/main.o
 .debug_macro   0x000057b1      0x5d4 c:/Users/Srushty00/feetwings/SPI_Loopback/build/main.o
 .debug_macro   0x00005d85      0x374 c:/Users/Srushty00/feetwings/SPI_Loopback/build/main.o
 .debug_macro   0x000060f9      0x1b4 c:/Users/Srushty00/feetwings/SPI_Loopback/build/main.o
 .debug_macro   0x000062ad      0x2f5 c:/Users/Srushty00/feetwings/SPI_Loopback/build/main.o
 .debug_macro   0x000065a2      0x33e c:/Users/Srushty00/feetwings/SPI_Loopback/build/main.o
 .debug_macro   0x000068e0      0x30f c:/Users/Srushty00/feetwings/SPI_Loopback/build/board.o
 .debug_macro   0x00006bef       0x40 c:/Users/Srushty00/feetwings/SPI_Loopback/build/board.o
 .debug_macro   0x00006c2f       0x16 c:/Users/Srushty00/feetwings/SPI_Loopback/build/board.o
 .debug_macro   0x00006c45      0x98f c:/Users/Srushty00/feetwings/SPI_Loopback/build/board.o
 .debug_macro   0x000075d4       0x10 c:/Users/Srushty00/feetwings/SPI_Loopback/build/board.o
 .debug_macro   0x000075e4      0x795 c:/Users/Srushty00/feetwings/SPI_Loopback/build/board.o
 .debug_macro   0x00007d79       0x22 c:/Users/Srushty00/feetwings/SPI_Loopback/build/board.o
 .debug_macro   0x00007d9b      0x3d2 c:/Users/Srushty00/feetwings/SPI_Loopback/build/stdio.o
 .debug_macro   0x0000816d       0x10 c:/Users/Srushty00/feetwings/SPI_Loopback/build/stdio.o
 .debug_macro   0x0000817d      0x174 c:/Users/Srushty00/feetwings/SPI_Loopback/build/stdio.o
 .debug_macro   0x000082f1      0x23b c:/Users/Srushty00/feetwings/SPI_Loopback/build/stdio.o
 .debug_macro   0x0000852c       0x16 c:/Users/Srushty00/feetwings/SPI_Loopback/build/stdio.o
 .debug_macro   0x00008542       0x16 c:/Users/Srushty00/feetwings/SPI_Loopback/build/stdio.o
 .debug_macro   0x00008558       0x29 c:/Users/Srushty00/feetwings/SPI_Loopback/build/stdio.o
 .debug_macro   0x00008581       0x16 c:/Users/Srushty00/feetwings/SPI_Loopback/build/stdio.o
 .debug_macro   0x00008597      0x51a c:/Users/Srushty00/feetwings/SPI_Loopback/build/stdio.o
 .debug_macro   0x00008ab1       0x16 c:/Users/Srushty00/feetwings/SPI_Loopback/build/stdio.o
 .debug_macro   0x00008ac7       0x10 c:/Users/Srushty00/feetwings/SPI_Loopback/build/stdio.o
 .debug_macro   0x00008ad7       0x41 c:/Users/Srushty00/feetwings/SPI_Loopback/build/stdio.o
 .debug_macro   0x00008b18      0x122 c:/Users/Srushty00/feetwings/SPI_Loopback/build/stdio.o
 .debug_macro   0x00008c3a      0x1be c:/Users/Srushty00/feetwings/SPI_Loopback/build/led.o
 .debug_macro   0x00008df8       0x87 c:/Users/Srushty00/feetwings/SPI_Loopback/build/led.o
 .debug_macro   0x00008e7f       0x51 c:/Users/Srushty00/feetwings/SPI_Loopback/build/led.o
 .debug_macro   0x00008ed0      0x109 c:/Users/Srushty00/feetwings/SPI_Loopback/build/pb.o
 .debug_macro   0x00008fd9      0x1a5 c:/Users/Srushty00/feetwings/SPI_Loopback/build/heap.o
 .debug_macro   0x0000917e       0x58 c:/Users/Srushty00/feetwings/SPI_Loopback/build/heap.o
 .debug_macro   0x000091d6      0x29a c:/Users/Srushty00/feetwings/SPI_Loopback/build/system_max32620.o
 .debug_macro   0x00009470       0x10 c:/Users/Srushty00/feetwings/SPI_Loopback/build/system_max32620.o
 .debug_macro   0x00009480       0x1c c:/Users/Srushty00/feetwings/SPI_Loopback/build/system_max32620.o
 .debug_macro   0x0000949c      0x432 c:/Users/Srushty00/feetwings/SPI_Loopback/build/system_max32620.o
 .debug_macro   0x000098ce      0x861 c:/Users/Srushty00/feetwings/SPI_Loopback/build/system_max32620.o
 .debug_macro   0x0000a12f      0x72c c:/Users/Srushty00/feetwings/SPI_Loopback/build/system_max32620.o
 .debug_macro   0x0000a85b       0x76 c:/Users/Srushty00/feetwings/SPI_Loopback/build/system_max32620.o
 .debug_macro   0x0000a8d1      0x444 c:/Users/Srushty00/feetwings/SPI_Loopback/build/system_max32620.o
 .debug_macro   0x0000ad15      0x3f1 c:/Users/Srushty00/feetwings/SPI_Loopback/build/system_max32620.o
 .debug_macro   0x0000b106       0xb2 c:/Users/Srushty00/feetwings/SPI_Loopback/build/system_max32620.o
 .debug_macro   0x0000b1b8      0x18f c:/Users/Srushty00/feetwings/SPI_Loopback/build/PeriphDriver/PeriphDriver.a(gpio.o)
 .debug_macro   0x0000b347      0x1c6 c:/Users/Srushty00/feetwings/SPI_Loopback/build/PeriphDriver/PeriphDriver.a(mxc_sys.o)
 .debug_macro   0x0000b50d      0x27e c:/Users/Srushty00/feetwings/SPI_Loopback/build/PeriphDriver/PeriphDriver.a(mxc_sys.o)
 .debug_macro   0x0000b78b      0x25b c:/Users/Srushty00/feetwings/SPI_Loopback/build/PeriphDriver/PeriphDriver.a(spim.o)
 .debug_macro   0x0000b9e6      0x263 c:/Users/Srushty00/feetwings/SPI_Loopback/build/PeriphDriver/PeriphDriver.a(uart.o)
 .debug_macro   0x0000bc49       0xfa c:/Users/Srushty00/feetwings/SPI_Loopback/build/PeriphDriver/PeriphDriver.a(clkman.o)
 .debug_macro   0x0000bd43       0xf6 c:/Users/Srushty00/feetwings/SPI_Loopback/build/PeriphDriver/PeriphDriver.a(ioman.o)
 .debug_macro   0x0000be39      0xb07 c:/Users/Srushty00/feetwings/SPI_Loopback/build/PeriphDriver/PeriphDriver.a(ioman.o)
 .debug_macro   0x0000c940       0xdf c:/Users/Srushty00/feetwings/SPI_Loopback/build/PeriphDriver/PeriphDriver.a(mxc_lock.o)

.debug_line     0x00000000     0x49ec
 .debug_line    0x00000000      0x504 c:/Users/Srushty00/feetwings/SPI_Loopback/build/main.o
 .debug_line    0x00000504      0x5df c:/Users/Srushty00/feetwings/SPI_Loopback/build/board.o
 .debug_line    0x00000ae3      0x707 c:/Users/Srushty00/feetwings/SPI_Loopback/build/stdio.o
 .debug_line    0x000011ea      0x4af c:/Users/Srushty00/feetwings/SPI_Loopback/build/led.o
 .debug_line    0x00001699      0x48b c:/Users/Srushty00/feetwings/SPI_Loopback/build/pb.o
 .debug_line    0x00001b24      0x2db c:/Users/Srushty00/feetwings/SPI_Loopback/build/heap.o
 .debug_line    0x00001dff      0x55a c:/Users/Srushty00/feetwings/SPI_Loopback/build/system_max32620.o
 .debug_line    0x00002359      0x467 c:/Users/Srushty00/feetwings/SPI_Loopback/build/PeriphDriver/PeriphDriver.a(gpio.o)
 .debug_line    0x000027c0      0x963 c:/Users/Srushty00/feetwings/SPI_Loopback/build/PeriphDriver/PeriphDriver.a(mxc_sys.o)
 .debug_line    0x00003123      0x793 c:/Users/Srushty00/feetwings/SPI_Loopback/build/PeriphDriver/PeriphDriver.a(spim.o)
 .debug_line    0x000038b6      0x804 c:/Users/Srushty00/feetwings/SPI_Loopback/build/PeriphDriver/PeriphDriver.a(uart.o)
 .debug_line    0x000040ba      0x386 c:/Users/Srushty00/feetwings/SPI_Loopback/build/PeriphDriver/PeriphDriver.a(clkman.o)
 .debug_line    0x00004440      0x2d0 c:/Users/Srushty00/feetwings/SPI_Loopback/build/PeriphDriver/PeriphDriver.a(ioman.o)
 .debug_line    0x00004710      0x2dc c:/Users/Srushty00/feetwings/SPI_Loopback/build/PeriphDriver/PeriphDriver.a(mxc_lock.o)

.debug_str      0x00000000    0x49fc6
 .debug_str     0x00000000    0x325a6 c:/Users/Srushty00/feetwings/SPI_Loopback/build/main.o
                              0x32883 (size before relaxing)
 .debug_str     0x000325a6      0x4b0 c:/Users/Srushty00/feetwings/SPI_Loopback/build/board.o
                              0x32b54 (size before relaxing)
 .debug_str     0x00032a56     0x1c67 c:/Users/Srushty00/feetwings/SPI_Loopback/build/stdio.o
                              0x34508 (size before relaxing)
 .debug_str     0x000346bd       0xc1 c:/Users/Srushty00/feetwings/SPI_Loopback/build/led.o
                              0x2e80f (size before relaxing)
 .debug_str     0x0003477e      0x53a c:/Users/Srushty00/feetwings/SPI_Loopback/build/pb.o
                              0x11e36 (size before relaxing)
 .debug_str     0x00034cb8       0x88 c:/Users/Srushty00/feetwings/SPI_Loopback/build/heap.o
                               0x8234 (size before relaxing)
 .debug_str     0x00034d40    0x12321 c:/Users/Srushty00/feetwings/SPI_Loopback/build/system_max32620.o
                              0x28df1 (size before relaxing)
 .debug_str     0x00047061       0x9b c:/Users/Srushty00/feetwings/SPI_Loopback/build/PeriphDriver/PeriphDriver.a(gpio.o)
                              0x2e444 (size before relaxing)
 .debug_str     0x000470fc     0x2914 c:/Users/Srushty00/feetwings/SPI_Loopback/build/PeriphDriver/PeriphDriver.a(mxc_sys.o)
                              0x3c56a (size before relaxing)
 .debug_str     0x00049a10      0x1a6 c:/Users/Srushty00/feetwings/SPI_Loopback/build/PeriphDriver/PeriphDriver.a(spim.o)
                              0x31719 (size before relaxing)
 .debug_str     0x00049bb6      0x29d c:/Users/Srushty00/feetwings/SPI_Loopback/build/PeriphDriver/PeriphDriver.a(uart.o)
                              0x31890 (size before relaxing)
 .debug_str     0x00049e53      0x13a c:/Users/Srushty00/feetwings/SPI_Loopback/build/PeriphDriver/PeriphDriver.a(clkman.o)
                              0x18d2e (size before relaxing)
 .debug_str     0x00049f8d        0xf c:/Users/Srushty00/feetwings/SPI_Loopback/build/PeriphDriver/PeriphDriver.a(ioman.o)
                              0x13f7e (size before relaxing)
 .debug_str     0x00049f9c       0x2a c:/Users/Srushty00/feetwings/SPI_Loopback/build/PeriphDriver/PeriphDriver.a(mxc_lock.o)
                               0xc7ec (size before relaxing)

.debug_frame    0x00000000     0x1f3c
 .debug_frame   0x00000000       0x28 c:/Users/Srushty00/feetwings/SPI_Loopback/build/main.o
 .debug_frame   0x00000028       0x70 c:/Users/Srushty00/feetwings/SPI_Loopback/build/board.o
 .debug_frame   0x00000098       0xc0 c:/Users/Srushty00/feetwings/SPI_Loopback/build/stdio.o
 .debug_frame   0x00000158       0x2c c:/Users/Srushty00/feetwings/SPI_Loopback/build/led.o
 .debug_frame   0x00000184      0x128 c:/Users/Srushty00/feetwings/SPI_Loopback/build/pb.o
 .debug_frame   0x000002ac       0x28 c:/Users/Srushty00/feetwings/SPI_Loopback/build/heap.o
 .debug_frame   0x000002d4       0x8c c:/Users/Srushty00/feetwings/SPI_Loopback/build/system_max32620.o
 .debug_frame   0x00000360       0xbc c:/Users/Srushty00/feetwings/SPI_Loopback/build/PeriphDriver/PeriphDriver.a(gpio.o)
 .debug_frame   0x0000041c      0x44c c:/Users/Srushty00/feetwings/SPI_Loopback/build/PeriphDriver/PeriphDriver.a(mxc_sys.o)
 .debug_frame   0x00000868      0x184 c:/Users/Srushty00/feetwings/SPI_Loopback/build/PeriphDriver/PeriphDriver.a(spim.o)
 .debug_frame   0x000009ec      0x17c c:/Users/Srushty00/feetwings/SPI_Loopback/build/PeriphDriver/PeriphDriver.a(uart.o)
 .debug_frame   0x00000b68       0x98 c:/Users/Srushty00/feetwings/SPI_Loopback/build/PeriphDriver/PeriphDriver.a(clkman.o)
 .debug_frame   0x00000c00       0x20 c:/Users/Srushty00/feetwings/SPI_Loopback/build/PeriphDriver/PeriphDriver.a(ioman.o)
 .debug_frame   0x00000c20       0x30 c:/Users/Srushty00/feetwings/SPI_Loopback/build/PeriphDriver/PeriphDriver.a(mxc_lock.o)
 .debug_frame   0x00000c50       0x20 c:/maxim/toolchain/bin/../lib/gcc/arm-none-eabi/6.3.1/../../../../arm-none-eabi/lib/thumb/v7e-m/fpv4-sp/softfp\libc.a(lib_a-errno.o)
 .debug_frame   0x00000c70       0x5c c:/maxim/toolchain/bin/../lib/gcc/arm-none-eabi/6.3.1/../../../../arm-none-eabi/lib/thumb/v7e-m/fpv4-sp/softfp\libc.a(lib_a-fflush.o)
 .debug_frame   0x00000ccc      0x148 c:/maxim/toolchain/bin/../lib/gcc/arm-none-eabi/6.3.1/../../../../arm-none-eabi/lib/thumb/v7e-m/fpv4-sp/softfp\libc.a(lib_a-findfp.o)
 .debug_frame   0x00000e14       0x74 c:/maxim/toolchain/bin/../lib/gcc/arm-none-eabi/6.3.1/../../../../arm-none-eabi/lib/thumb/v7e-m/fpv4-sp/softfp\libc.a(lib_a-freer.o)
 .debug_frame   0x00000e88       0x54 c:/maxim/toolchain/bin/../lib/gcc/arm-none-eabi/6.3.1/../../../../arm-none-eabi/lib/thumb/v7e-m/fpv4-sp/softfp\libc.a(lib_a-fwalk.o)
 .debug_frame   0x00000edc       0x2c c:/maxim/toolchain/bin/../lib/gcc/arm-none-eabi/6.3.1/../../../../arm-none-eabi/lib/thumb/v7e-m/fpv4-sp/softfp\libc.a(lib_a-init.o)
 .debug_frame   0x00000f08       0xb0 c:/maxim/toolchain/bin/../lib/gcc/arm-none-eabi/6.3.1/../../../../arm-none-eabi/lib/thumb/v7e-m/fpv4-sp/softfp\libc.a(lib_a-lock.o)
 .debug_frame   0x00000fb8       0x58 c:/maxim/toolchain/bin/../lib/gcc/arm-none-eabi/6.3.1/../../../../arm-none-eabi/lib/thumb/v7e-m/fpv4-sp/softfp\libc.a(lib_a-mallocr.o)
 .debug_frame   0x00001010       0x34 c:/maxim/toolchain/bin/../lib/gcc/arm-none-eabi/6.3.1/../../../../arm-none-eabi/lib/thumb/v7e-m/fpv4-sp/softfp\libc.a(lib_a-memset.o)
 .debug_frame   0x00001044       0x30 c:/maxim/toolchain/bin/../lib/gcc/arm-none-eabi/6.3.1/../../../../arm-none-eabi/lib/thumb/v7e-m/fpv4-sp/softfp\libc.a(lib_a-mlock.o)
 .debug_frame   0x00001074       0x74 c:/maxim/toolchain/bin/../lib/gcc/arm-none-eabi/6.3.1/../../../../arm-none-eabi/lib/thumb/v7e-m/fpv4-sp/softfp\libc.a(lib_a-printf.o)
 .debug_frame   0x000010e8       0x4c c:/maxim/toolchain/bin/../lib/gcc/arm-none-eabi/6.3.1/../../../../arm-none-eabi/lib/thumb/v7e-m/fpv4-sp/softfp\libc.a(lib_a-puts.o)
 .debug_frame   0x00001134       0x2c c:/maxim/toolchain/bin/../lib/gcc/arm-none-eabi/6.3.1/../../../../arm-none-eabi/lib/thumb/v7e-m/fpv4-sp/softfp\libc.a(lib_a-sbrkr.o)
 .debug_frame   0x00001160       0x88 c:/maxim/toolchain/bin/../lib/gcc/arm-none-eabi/6.3.1/../../../../arm-none-eabi/lib/thumb/v7e-m/fpv4-sp/softfp\libc.a(lib_a-stdio.o)
 .debug_frame   0x000011e8       0x94 c:/maxim/toolchain/bin/../lib/gcc/arm-none-eabi/6.3.1/../../../../arm-none-eabi/lib/thumb/v7e-m/fpv4-sp/softfp\libc.a(lib_a-vfprintf.o)
 .debug_frame   0x0000127c       0x2c c:/maxim/toolchain/bin/../lib/gcc/arm-none-eabi/6.3.1/../../../../arm-none-eabi/lib/thumb/v7e-m/fpv4-sp/softfp\libc.a(lib_a-writer.o)
 .debug_frame   0x000012a8       0x2c c:/maxim/toolchain/bin/../lib/gcc/arm-none-eabi/6.3.1/../../../../arm-none-eabi/lib/thumb/v7e-m/fpv4-sp/softfp\libc.a(lib_a-wsetup.o)
 .debug_frame   0x000012d4       0x5c c:/maxim/toolchain/bin/../lib/gcc/arm-none-eabi/6.3.1/../../../../arm-none-eabi/lib/thumb/v7e-m/fpv4-sp/softfp\libc.a(lib_a-__call_atexit.o)
 .debug_frame   0x00001330       0x20 c:/maxim/toolchain/bin/../lib/gcc/arm-none-eabi/6.3.1/../../../../arm-none-eabi/lib/thumb/v7e-m/fpv4-sp/softfp\libc.a(lib_a-atexit.o)
 .debug_frame   0x00001350       0x2c c:/maxim/toolchain/bin/../lib/gcc/arm-none-eabi/6.3.1/../../../../arm-none-eabi/lib/thumb/v7e-m/fpv4-sp/softfp\libc.a(lib_a-closer.o)
 .debug_frame   0x0000137c       0x88 c:/maxim/toolchain/bin/../lib/gcc/arm-none-eabi/6.3.1/../../../../arm-none-eabi/lib/thumb/v7e-m/fpv4-sp/softfp\libc.a(lib_a-dtoa.o)
 .debug_frame   0x00001404       0x3c c:/maxim/toolchain/bin/../lib/gcc/arm-none-eabi/6.3.1/../../../../arm-none-eabi/lib/thumb/v7e-m/fpv4-sp/softfp\libc.a(lib_a-fclose.o)
 .debug_frame   0x00001440       0x34 c:/maxim/toolchain/bin/../lib/gcc/arm-none-eabi/6.3.1/../../../../arm-none-eabi/lib/thumb/v7e-m/fpv4-sp/softfp\libc.a(lib_a-fini.o)
 .debug_frame   0x00001474       0x68 c:/maxim/toolchain/bin/../lib/gcc/arm-none-eabi/6.3.1/../../../../arm-none-eabi/lib/thumb/v7e-m/fpv4-sp/softfp\libc.a(lib_a-fvwrite.o)
 .debug_frame   0x000014dc       0x40 c:/maxim/toolchain/bin/../lib/gcc/arm-none-eabi/6.3.1/../../../../arm-none-eabi/lib/thumb/v7e-m/fpv4-sp/softfp\libc.a(lib_a-localeconv.o)
 .debug_frame   0x0000151c       0x2c c:/maxim/toolchain/bin/../lib/gcc/arm-none-eabi/6.3.1/../../../../arm-none-eabi/lib/thumb/v7e-m/fpv4-sp/softfp\libc.a(lib_a-lseekr.o)
 .debug_frame   0x00001548       0x68 c:/maxim/toolchain/bin/../lib/gcc/arm-none-eabi/6.3.1/../../../../arm-none-eabi/lib/thumb/v7e-m/fpv4-sp/softfp\libc.a(lib_a-makebuf.o)
 .debug_frame   0x000015b0       0x30 c:/maxim/toolchain/bin/../lib/gcc/arm-none-eabi/6.3.1/../../../../arm-none-eabi/lib/thumb/v7e-m/fpv4-sp/softfp\libc.a(lib_a-memmove.o)
 .debug_frame   0x000015e0      0x25c c:/maxim/toolchain/bin/../lib/gcc/arm-none-eabi/6.3.1/../../../../arm-none-eabi/lib/thumb/v7e-m/fpv4-sp/softfp\libc.a(lib_a-mprec.o)
 .debug_frame   0x0000183c       0x2c c:/maxim/toolchain/bin/../lib/gcc/arm-none-eabi/6.3.1/../../../../arm-none-eabi/lib/thumb/v7e-m/fpv4-sp/softfp\libc.a(lib_a-readr.o)
 .debug_frame   0x00001868       0x68 c:/maxim/toolchain/bin/../lib/gcc/arm-none-eabi/6.3.1/../../../../arm-none-eabi/lib/thumb/v7e-m/fpv4-sp/softfp\libc.a(lib_a-reallocr.o)